resuming recordings/autoplay-probe-checkpoint.rpg at scene=17 position=(1136, 456)
target scene=17 area=(160, 112) event=264 script=9576 mode=1 state=2 player=(1296, 568) pos=(1408, 432) path=38
marked destination touch VisitKey { scene: 17, area: (1408, 512), event_id: 256, trigger_script: 8564, state: 1 }
learned exit AreaKey { scene: 17, anchor: (160, 112) } event=256 -> AreaKey { scene: 17, anchor: (1408, 512) }
marked destination touch VisitKey { scene: 17, area: (1408, 512), event_id: 257, trigger_script: 8572, state: 1 }
learned exit AreaKey { scene: 17, anchor: (160, 112) } event=257 -> AreaKey { scene: 17, anchor: (1408, 512) }
area teleport in scene 17 at frame 40: (1344, 560) -> (1440, 512)
target scene=17 area=(1408, 512) event=257 script=8572 mode=4 state=1 player=(1440, 512) pos=(1408, 528) path=2
learned targeted exit AreaKey { scene: 17, anchor: (1408, 512) } event=257 -> AreaKey { scene: 17, anchor: (1280, 512) }
marked destination touch VisitKey { scene: 17, area: (1280, 512), event_id: 257, trigger_script: 8569, state: 1 }
learned exit AreaKey { scene: 17, anchor: (1408, 512) } event=257 -> AreaKey { scene: 17, anchor: (1280, 512) }
area teleport in scene 17 at frame 53: (1408, 528) -> (1328, 568)
retry scene 17 area (1280, 512) after an idle pass
retry scene 17 area (1280, 512) after an idle pass
retry scene 17 area (1280, 512) after an idle pass
retry scene 17 area (1280, 512) after an idle pass
retry scene 17 area (1280, 512) after an idle pass
retry scene 17 area (1280, 512) after an idle pass
retry scene 17 area (1280, 512) after an idle pass
retry scene 17 area (1280, 512) after an idle pass
retry scene 17 area (1280, 512) after an idle pass
retry scene 17 area (1280, 512) after an idle pass
retry scene 17 area (1280, 512) after an idle pass
retry scene 17 area (1280, 512) after an idle pass
retry scene 17 area (1280, 512) after an idle pass
retry scene 17 area (1280, 512) after an idle pass
retry scene 17 area (1280, 512) after an idle pass
retry scene 17 area (1280, 512) after an idle pass
retry scene 17 area (1280, 512) after an idle pass
retry scene 17 area (1280, 512) after an idle pass
retry scene 17 area (1280, 512) after an idle pass
retry scene 17 area (1280, 512) after an idle pass
retry scene 17 area (1280, 512) after an idle pass
retry scene 17 area (1280, 512) after an idle pass
retry scene 17 area (1280, 512) after an idle pass
retry scene 17 area (1280, 512) after an idle pass
retry scene 17 area (1280, 512) after an idle pass
retry scene 17 area (1280, 512) after an idle pass
retry scene 17 area (1280, 512) after an idle pass
retry scene 17 area (1280, 512) after an idle pass
retry scene 17 area (1280, 512) after an idle pass
retry scene 17 area (1280, 512) after an idle pass
retry scene 17 area (1280, 512) after an idle pass
retry scene 17 area (1280, 512) after an idle pass
retry scene 17 area (1280, 512) after an idle pass
retry scene 17 area (1280, 512) after an idle pass
retry scene 17 area (1280, 512) after an idle pass
retry scene 17 area (1280, 512) after an idle pass
retry scene 17 area (1280, 512) after an idle pass
retry scene 17 area (1280, 512) after an idle pass
retry scene 17 area (1280, 512) after an idle pass
retry scene 17 area (1280, 512) after an idle pass
retry scene 17 area (1280, 512) after an idle pass
checkpoint iterations=10000 scene=17 position=(1328, 568)
retry scene 17 area (1280, 512) after an idle pass
retry scene 17 area (1280, 512) after an idle pass
retry scene 17 area (1280, 512) after an idle pass
retry scene 17 area (1280, 512) after an idle pass
retry scene 17 area (1280, 512) after an idle pass
retry scene 17 area (1280, 512) after an idle pass
retry scene 17 area (1280, 512) after an idle pass
retry scene 17 area (1280, 512) after an idle pass
retry scene 17 area (1280, 512) after an idle pass
retry scene 17 area (1280, 512) after an idle pass
retry scene 17 area (1280, 512) after an idle pass
retry scene 17 area (1280, 512) after an idle pass
retry scene 17 area (1280, 512) after an idle pass
retry scene 17 area (1280, 512) after an idle pass
retry scene 17 area (1280, 512) after an idle pass
retry scene 17 area (1280, 512) after an idle pass
retry scene 17 area (1280, 512) after an idle pass
retry scene 17 area (1280, 512) after an idle pass
retry scene 17 area (1280, 512) after an idle pass
retry scene 17 area (1280, 512) after an idle pass
retry scene 17 area (1280, 512) after an idle pass
retry scene 17 area (1280, 512) after an idle pass
retry scene 17 area (1280, 512) after an idle pass
retry scene 17 area (1280, 512) after an idle pass
retry scene 17 area (1280, 512) after an idle pass
retry scene 17 area (1280, 512) after an idle pass
retry scene 17 area (1280, 512) after an idle pass
retry scene 17 area (1280, 512) after an idle pass
retry scene 17 area (1280, 512) after an idle pass
retry scene 17 area (1280, 512) after an idle pass
retry scene 17 area (1280, 512) after an idle pass
retry scene 17 area (1280, 512) after an idle pass
retry scene 17 area (1280, 512) after an idle pass
retry scene 17 area (1280, 512) after an idle pass
retry scene 17 area (1280, 512) after an idle pass
retry scene 17 area (1280, 512) after an idle pass
retry scene 17 area (1280, 512) after an idle pass
retry scene 17 area (1280, 512) after an idle pass
retry scene 17 area (1280, 512) after an idle pass
retry scene 17 area (1280, 512) after an idle pass
retry scene 17 area (1280, 512) after an idle pass
retry scene 17 area (1280, 512) after an idle pass
checkpoint iterations=20000 scene=17 position=(1328, 568)
retry scene 17 area (1280, 512) after an idle pass
retry scene 17 area (1280, 512) after an idle pass
retry scene 17 area (1280, 512) after an idle pass
retry scene 17 area (1280, 512) after an idle pass
retry scene 17 area (1280, 512) after an idle pass
retry scene 17 area (1280, 512) after an idle pass
retry scene 17 area (1280, 512) after an idle pass
retry scene 17 area (1280, 512) after an idle pass
retry scene 17 area (1280, 512) after an idle pass
retry scene 17 area (1280, 512) after an idle pass
retry scene 17 area (1280, 512) after an idle pass
retry scene 17 area (1280, 512) after an idle pass
retry scene 17 area (1280, 512) after an idle pass
retry scene 17 area (1280, 512) after an idle pass
retry scene 17 area (1280, 512) after an idle pass
retry scene 17 area (1280, 512) after an idle pass
retry scene 17 area (1280, 512) after an idle pass
retry scene 17 area (1280, 512) after an idle pass
retry scene 17 area (1280, 512) after an idle pass
retry scene 17 area (1280, 512) after an idle pass
retry scene 17 area (1280, 512) after an idle pass
retry scene 17 area (1280, 512) after an idle pass
retry scene 17 area (1280, 512) after an idle pass
retry scene 17 area (1280, 512) after an idle pass
retry scene 17 area (1280, 512) after an idle pass
retry scene 17 area (1280, 512) after an idle pass
retry scene 17 area (1280, 512) after an idle pass
retry scene 17 area (1280, 512) after an idle pass
retry scene 17 area (1280, 512) after an idle pass
retry scene 17 area (1280, 512) after an idle pass
retry scene 17 area (1280, 512) after an idle pass
retry scene 17 area (1280, 512) after an idle pass
retry scene 17 area (1280, 512) after an idle pass
retry scene 17 area (1280, 512) after an idle pass
retry scene 17 area (1280, 512) after an idle pass
retry scene 17 area (1280, 512) after an idle pass
retry scene 17 area (1280, 512) after an idle pass
retry scene 17 area (1280, 512) after an idle pass
retry scene 17 area (1280, 512) after an idle pass
retry scene 17 area (1280, 512) after an idle pass
retry scene 17 area (1280, 512) after an idle pass
checkpoint iterations=30000 scene=17 position=(1328, 568)
retry scene 17 area (1280, 512) after an idle pass
retry scene 17 area (1280, 512) after an idle pass
retry scene 17 area (1280, 512) after an idle pass
retry scene 17 area (1280, 512) after an idle pass
retry scene 17 area (1280, 512) after an idle pass
retry scene 17 area (1280, 512) after an idle pass
retry scene 17 area (1280, 512) after an idle pass
retry scene 17 area (1280, 512) after an idle pass
retry scene 17 area (1280, 512) after an idle pass
retry scene 17 area (1280, 512) after an idle pass
retry scene 17 area (1280, 512) after an idle pass
retry scene 17 area (1280, 512) after an idle pass
retry scene 17 area (1280, 512) after an idle pass
retry scene 17 area (1280, 512) after an idle pass
retry scene 17 area (1280, 512) after an idle pass
retry scene 17 area (1280, 512) after an idle pass
retry scene 17 area (1280, 512) after an idle pass
retry scene 17 area (1280, 512) after an idle pass
retry scene 17 area (1280, 512) after an idle pass
retry scene 17 area (1280, 512) after an idle pass
retry scene 17 area (1280, 512) after an idle pass
retry scene 17 area (1280, 512) after an idle pass
retry scene 17 area (1280, 512) after an idle pass
retry scene 17 area (1280, 512) after an idle pass
retry scene 17 area (1280, 512) after an idle pass
retry scene 17 area (1280, 512) after an idle pass
retry scene 17 area (1280, 512) after an idle pass
retry scene 17 area (1280, 512) after an idle pass
retry scene 17 area (1280, 512) after an idle pass
retry scene 17 area (1280, 512) after an idle pass
retry scene 17 area (1280, 512) after an idle pass
retry scene 17 area (1280, 512) after an idle pass
retry scene 17 area (1280, 512) after an idle pass
retry scene 17 area (1280, 512) after an idle pass
retry scene 17 area (1280, 512) after an idle pass
retry scene 17 area (1280, 512) after an idle pass
retry scene 17 area (1280, 512) after an idle pass
retry scene 17 area (1280, 512) after an idle pass
retry scene 17 area (1280, 512) after an idle pass
retry scene 17 area (1280, 512) after an idle pass
retry scene 17 area (1280, 512) after an idle pass
retry scene 17 area (1280, 512) after an idle pass
checkpoint iterations=40000 scene=17 position=(1328, 568)
retry scene 17 area (1280, 512) after an idle pass
retry scene 17 area (1280, 512) after an idle pass
retry scene 17 area (1280, 512) after an idle pass
retry scene 17 area (1280, 512) after an idle pass
retry scene 17 area (1280, 512) after an idle pass
retry scene 17 area (1280, 512) after an idle pass
retry scene 17 area (1280, 512) after an idle pass
retry scene 17 area (1280, 512) after an idle pass
retry scene 17 area (1280, 512) after an idle pass
retry scene 17 area (1280, 512) after an idle pass
retry scene 17 area (1280, 512) after an idle pass
retry scene 17 area (1280, 512) after an idle pass
retry scene 17 area (1280, 512) after an idle pass
retry scene 17 area (1280, 512) after an idle pass
retry scene 17 area (1280, 512) after an idle pass
retry scene 17 area (1280, 512) after an idle pass
retry scene 17 area (1280, 512) after an idle pass
retry scene 17 area (1280, 512) after an idle pass
retry scene 17 area (1280, 512) after an idle pass
retry scene 17 area (1280, 512) after an idle pass
retry scene 17 area (1280, 512) after an idle pass
retry scene 17 area (1280, 512) after an idle pass
retry scene 17 area (1280, 512) after an idle pass
retry scene 17 area (1280, 512) after an idle pass
retry scene 17 area (1280, 512) after an idle pass
retry scene 17 area (1280, 512) after an idle pass
retry scene 17 area (1280, 512) after an idle pass
retry scene 17 area (1280, 512) after an idle pass
retry scene 17 area (1280, 512) after an idle pass
retry scene 17 area (1280, 512) after an idle pass
retry scene 17 area (1280, 512) after an idle pass
retry scene 17 area (1280, 512) after an idle pass
retry scene 17 area (1280, 512) after an idle pass
retry scene 17 area (1280, 512) after an idle pass
retry scene 17 area (1280, 512) after an idle pass
retry scene 17 area (1280, 512) after an idle pass
retry scene 17 area (1280, 512) after an idle pass
retry scene 17 area (1280, 512) after an idle pass
retry scene 17 area (1280, 512) after an idle pass
retry scene 17 area (1280, 512) after an idle pass
retry scene 17 area (1280, 512) after an idle pass
retry scene 17 area (1280, 512) after an idle pass
checkpoint iterations=50000 scene=17 position=(1328, 568)
retry scene 17 area (1280, 512) after an idle pass
retry scene 17 area (1280, 512) after an idle pass
retry scene 17 area (1280, 512) after an idle pass
retry scene 17 area (1280, 512) after an idle pass
retry scene 17 area (1280, 512) after an idle pass
retry scene 17 area (1280, 512) after an idle pass
retry scene 17 area (1280, 512) after an idle pass
retry scene 17 area (1280, 512) after an idle pass
retry scene 17 area (1280, 512) after an idle pass
retry scene 17 area (1280, 512) after an idle pass
retry scene 17 area (1280, 512) after an idle pass
retry scene 17 area (1280, 512) after an idle pass
retry scene 17 area (1280, 512) after an idle pass
retry scene 17 area (1280, 512) after an idle pass
retry scene 17 area (1280, 512) after an idle pass
retry scene 17 area (1280, 512) after an idle pass
retry scene 17 area (1280, 512) after an idle pass
retry scene 17 area (1280, 512) after an idle pass
retry scene 17 area (1280, 512) after an idle pass
retry scene 17 area (1280, 512) after an idle pass
retry scene 17 area (1280, 512) after an idle pass
retry scene 17 area (1280, 512) after an idle pass
retry scene 17 area (1280, 512) after an idle pass
retry scene 17 area (1280, 512) after an idle pass
retry scene 17 area (1280, 512) after an idle pass
retry scene 17 area (1280, 512) after an idle pass
retry scene 17 area (1280, 512) after an idle pass
retry scene 17 area (1280, 512) after an idle pass
retry scene 17 area (1280, 512) after an idle pass
retry scene 17 area (1280, 512) after an idle pass
retry scene 17 area (1280, 512) after an idle pass
retry scene 17 area (1280, 512) after an idle pass
retry scene 17 area (1280, 512) after an idle pass
retry scene 17 area (1280, 512) after an idle pass
retry scene 17 area (1280, 512) after an idle pass
retry scene 17 area (1280, 512) after an idle pass
retry scene 17 area (1280, 512) after an idle pass
retry scene 17 area (1280, 512) after an idle pass
retry scene 17 area (1280, 512) after an idle pass
retry scene 17 area (1280, 512) after an idle pass
retry scene 17 area (1280, 512) after an idle pass
checkpoint iterations=60000 scene=17 position=(1328, 568)
retry scene 17 area (1280, 512) after an idle pass
retry scene 17 area (1280, 512) after an idle pass
retry scene 17 area (1280, 512) after an idle pass
retry scene 17 area (1280, 512) after an idle pass
retry scene 17 area (1280, 512) after an idle pass
retry scene 17 area (1280, 512) after an idle pass
retry scene 17 area (1280, 512) after an idle pass
retry scene 17 area (1280, 512) after an idle pass
retry scene 17 area (1280, 512) after an idle pass
retry scene 17 area (1280, 512) after an idle pass
retry scene 17 area (1280, 512) after an idle pass
retry scene 17 area (1280, 512) after an idle pass
retry scene 17 area (1280, 512) after an idle pass
retry scene 17 area (1280, 512) after an idle pass
retry scene 17 area (1280, 512) after an idle pass
retry scene 17 area (1280, 512) after an idle pass
retry scene 17 area (1280, 512) after an idle pass
retry scene 17 area (1280, 512) after an idle pass
retry scene 17 area (1280, 512) after an idle pass
retry scene 17 area (1280, 512) after an idle pass
retry scene 17 area (1280, 512) after an idle pass
retry scene 17 area (1280, 512) after an idle pass
retry scene 17 area (1280, 512) after an idle pass
retry scene 17 area (1280, 512) after an idle pass
retry scene 17 area (1280, 512) after an idle pass
retry scene 17 area (1280, 512) after an idle pass
retry scene 17 area (1280, 512) after an idle pass
retry scene 17 area (1280, 512) after an idle pass
retry scene 17 area (1280, 512) after an idle pass
retry scene 17 area (1280, 512) after an idle pass
retry scene 17 area (1280, 512) after an idle pass
retry scene 17 area (1280, 512) after an idle pass
retry scene 17 area (1280, 512) after an idle pass
retry scene 17 area (1280, 512) after an idle pass
retry scene 17 area (1280, 512) after an idle pass
retry scene 17 area (1280, 512) after an idle pass
retry scene 17 area (1280, 512) after an idle pass
retry scene 17 area (1280, 512) after an idle pass
retry scene 17 area (1280, 512) after an idle pass
retry scene 17 area (1280, 512) after an idle pass
retry scene 17 area (1280, 512) after an idle pass
retry scene 17 area (1280, 512) after an idle pass
checkpoint iterations=70000 scene=17 position=(1328, 568)
retry scene 17 area (1280, 512) after an idle pass
retry scene 17 area (1280, 512) after an idle pass
retry scene 17 area (1280, 512) after an idle pass
retry scene 17 area (1280, 512) after an idle pass
retry scene 17 area (1280, 512) after an idle pass
retry scene 17 area (1280, 512) after an idle pass
retry scene 17 area (1280, 512) after an idle pass
retry scene 17 area (1280, 512) after an idle pass
retry scene 17 area (1280, 512) after an idle pass
retry scene 17 area (1280, 512) after an idle pass
retry scene 17 area (1280, 512) after an idle pass
retry scene 17 area (1280, 512) after an idle pass
retry scene 17 area (1280, 512) after an idle pass
retry scene 17 area (1280, 512) after an idle pass
retry scene 17 area (1280, 512) after an idle pass
retry scene 17 area (1280, 512) after an idle pass
retry scene 17 area (1280, 512) after an idle pass
retry scene 17 area (1280, 512) after an idle pass
retry scene 17 area (1280, 512) after an idle pass
retry scene 17 area (1280, 512) after an idle pass
retry scene 17 area (1280, 512) after an idle pass
retry scene 17 area (1280, 512) after an idle pass
retry scene 17 area (1280, 512) after an idle pass
retry scene 17 area (1280, 512) after an idle pass
retry scene 17 area (1280, 512) after an idle pass
retry scene 17 area (1280, 512) after an idle pass
retry scene 17 area (1280, 512) after an idle pass
retry scene 17 area (1280, 512) after an idle pass
retry scene 17 area (1280, 512) after an idle pass
retry scene 17 area (1280, 512) after an idle pass
retry scene 17 area (1280, 512) after an idle pass
retry scene 17 area (1280, 512) after an idle pass
retry scene 17 area (1280, 512) after an idle pass
retry scene 17 area (1280, 512) after an idle pass
retry scene 17 area (1280, 512) after an idle pass
retry scene 17 area (1280, 512) after an idle pass
retry scene 17 area (1280, 512) after an idle pass
retry scene 17 area (1280, 512) after an idle pass
retry scene 17 area (1280, 512) after an idle pass
retry scene 17 area (1280, 512) after an idle pass
retry scene 17 area (1280, 512) after an idle pass
retry scene 17 area (1280, 512) after an idle pass
checkpoint iterations=80000 scene=17 position=(1328, 568)
retry scene 17 area (1280, 512) after an idle pass
retry scene 17 area (1280, 512) after an idle pass
retry scene 17 area (1280, 512) after an idle pass
retry scene 17 area (1280, 512) after an idle pass
retry scene 17 area (1280, 512) after an idle pass
retry scene 17 area (1280, 512) after an idle pass
retry scene 17 area (1280, 512) after an idle pass
retry scene 17 area (1280, 512) after an idle pass
retry scene 17 area (1280, 512) after an idle pass
retry scene 17 area (1280, 512) after an idle pass
retry scene 17 area (1280, 512) after an idle pass
retry scene 17 area (1280, 512) after an idle pass
retry scene 17 area (1280, 512) after an idle pass
retry scene 17 area (1280, 512) after an idle pass
retry scene 17 area (1280, 512) after an idle pass
retry scene 17 area (1280, 512) after an idle pass
retry scene 17 area (1280, 512) after an idle pass
retry scene 17 area (1280, 512) after an idle pass
retry scene 17 area (1280, 512) after an idle pass
retry scene 17 area (1280, 512) after an idle pass
retry scene 17 area (1280, 512) after an idle pass
retry scene 17 area (1280, 512) after an idle pass
retry scene 17 area (1280, 512) after an idle pass
retry scene 17 area (1280, 512) after an idle pass
retry scene 17 area (1280, 512) after an idle pass
retry scene 17 area (1280, 512) after an idle pass
retry scene 17 area (1280, 512) after an idle pass
retry scene 17 area (1280, 512) after an idle pass
retry scene 17 area (1280, 512) after an idle pass
retry scene 17 area (1280, 512) after an idle pass
retry scene 17 area (1280, 512) after an idle pass
retry scene 17 area (1280, 512) after an idle pass
retry scene 17 area (1280, 512) after an idle pass
retry scene 17 area (1280, 512) after an idle pass
retry scene 17 area (1280, 512) after an idle pass
retry scene 17 area (1280, 512) after an idle pass
retry scene 17 area (1280, 512) after an idle pass
retry scene 17 area (1280, 512) after an idle pass
retry scene 17 area (1280, 512) after an idle pass
retry scene 17 area (1280, 512) after an idle pass
retry scene 17 area (1280, 512) after an idle pass
checkpoint iterations=90000 scene=17 position=(1328, 568)
retry scene 17 area (1280, 512) after an idle pass
retry scene 17 area (1280, 512) after an idle pass
retry scene 17 area (1280, 512) after an idle pass
retry scene 17 area (1280, 512) after an idle pass
retry scene 17 area (1280, 512) after an idle pass
retry scene 17 area (1280, 512) after an idle pass
retry scene 17 area (1280, 512) after an idle pass
retry scene 17 area (1280, 512) after an idle pass
retry scene 17 area (1280, 512) after an idle pass
retry scene 17 area (1280, 512) after an idle pass
retry scene 17 area (1280, 512) after an idle pass
retry scene 17 area (1280, 512) after an idle pass
retry scene 17 area (1280, 512) after an idle pass
retry scene 17 area (1280, 512) after an idle pass
retry scene 17 area (1280, 512) after an idle pass
retry scene 17 area (1280, 512) after an idle pass
retry scene 17 area (1280, 512) after an idle pass
retry scene 17 area (1280, 512) after an idle pass
retry scene 17 area (1280, 512) after an idle pass
retry scene 17 area (1280, 512) after an idle pass
retry scene 17 area (1280, 512) after an idle pass
retry scene 17 area (1280, 512) after an idle pass
retry scene 17 area (1280, 512) after an idle pass
retry scene 17 area (1280, 512) after an idle pass
retry scene 17 area (1280, 512) after an idle pass
retry scene 17 area (1280, 512) after an idle pass
retry scene 17 area (1280, 512) after an idle pass
retry scene 17 area (1280, 512) after an idle pass
retry scene 17 area (1280, 512) after an idle pass
retry scene 17 area (1280, 512) after an idle pass
retry scene 17 area (1280, 512) after an idle pass
retry scene 17 area (1280, 512) after an idle pass
retry scene 17 area (1280, 512) after an idle pass
retry scene 17 area (1280, 512) after an idle pass
retry scene 17 area (1280, 512) after an idle pass
retry scene 17 area (1280, 512) after an idle pass
retry scene 17 area (1280, 512) after an idle pass
retry scene 17 area (1280, 512) after an idle pass
retry scene 17 area (1280, 512) after an idle pass
retry scene 17 area (1280, 512) after an idle pass
retry scene 17 area (1280, 512) after an idle pass
retry scene 17 area (1280, 512) after an idle pass
checkpoint iterations=100000 scene=17 position=(1328, 568)
retry scene 17 area (1280, 512) after an idle pass
retry scene 17 area (1280, 512) after an idle pass
retry scene 17 area (1280, 512) after an idle pass
retry scene 17 area (1280, 512) after an idle pass
retry scene 17 area (1280, 512) after an idle pass
retry scene 17 area (1280, 512) after an idle pass
retry scene 17 area (1280, 512) after an idle pass
retry scene 17 area (1280, 512) after an idle pass
retry scene 17 area (1280, 512) after an idle pass
retry scene 17 area (1280, 512) after an idle pass
retry scene 17 area (1280, 512) after an idle pass
retry scene 17 area (1280, 512) after an idle pass
retry scene 17 area (1280, 512) after an idle pass
retry scene 17 area (1280, 512) after an idle pass
retry scene 17 area (1280, 512) after an idle pass
retry scene 17 area (1280, 512) after an idle pass
retry scene 17 area (1280, 512) after an idle pass
retry scene 17 area (1280, 512) after an idle pass
retry scene 17 area (1280, 512) after an idle pass
retry scene 17 area (1280, 512) after an idle pass
retry scene 17 area (1280, 512) after an idle pass
retry scene 17 area (1280, 512) after an idle pass
retry scene 17 area (1280, 512) after an idle pass
retry scene 17 area (1280, 512) after an idle pass
retry scene 17 area (1280, 512) after an idle pass
retry scene 17 area (1280, 512) after an idle pass
retry scene 17 area (1280, 512) after an idle pass
retry scene 17 area (1280, 512) after an idle pass
retry scene 17 area (1280, 512) after an idle pass
retry scene 17 area (1280, 512) after an idle pass
retry scene 17 area (1280, 512) after an idle pass
retry scene 17 area (1280, 512) after an idle pass
retry scene 17 area (1280, 512) after an idle pass
retry scene 17 area (1280, 512) after an idle pass
retry scene 17 area (1280, 512) after an idle pass
retry scene 17 area (1280, 512) after an idle pass
retry scene 17 area (1280, 512) after an idle pass
retry scene 17 area (1280, 512) after an idle pass
retry scene 17 area (1280, 512) after an idle pass
retry scene 17 area (1280, 512) after an idle pass
retry scene 17 area (1280, 512) after an idle pass
retry scene 17 area (1280, 512) after an idle pass
checkpoint iterations=110000 scene=17 position=(1328, 568)
retry scene 17 area (1280, 512) after an idle pass
retry scene 17 area (1280, 512) after an idle pass
retry scene 17 area (1280, 512) after an idle pass
retry scene 17 area (1280, 512) after an idle pass
retry scene 17 area (1280, 512) after an idle pass
retry scene 17 area (1280, 512) after an idle pass
retry scene 17 area (1280, 512) after an idle pass
retry scene 17 area (1280, 512) after an idle pass
retry scene 17 area (1280, 512) after an idle pass
retry scene 17 area (1280, 512) after an idle pass
retry scene 17 area (1280, 512) after an idle pass
retry scene 17 area (1280, 512) after an idle pass
retry scene 17 area (1280, 512) after an idle pass
retry scene 17 area (1280, 512) after an idle pass
retry scene 17 area (1280, 512) after an idle pass
retry scene 17 area (1280, 512) after an idle pass
retry scene 17 area (1280, 512) after an idle pass
retry scene 17 area (1280, 512) after an idle pass
retry scene 17 area (1280, 512) after an idle pass
retry scene 17 area (1280, 512) after an idle pass
retry scene 17 area (1280, 512) after an idle pass
retry scene 17 area (1280, 512) after an idle pass
retry scene 17 area (1280, 512) after an idle pass
retry scene 17 area (1280, 512) after an idle pass
retry scene 17 area (1280, 512) after an idle pass
retry scene 17 area (1280, 512) after an idle pass
retry scene 17 area (1280, 512) after an idle pass
retry scene 17 area (1280, 512) after an idle pass
retry scene 17 area (1280, 512) after an idle pass
retry scene 17 area (1280, 512) after an idle pass
retry scene 17 area (1280, 512) after an idle pass
retry scene 17 area (1280, 512) after an idle pass
retry scene 17 area (1280, 512) after an idle pass
retry scene 17 area (1280, 512) after an idle pass
retry scene 17 area (1280, 512) after an idle pass
retry scene 17 area (1280, 512) after an idle pass
retry scene 17 area (1280, 512) after an idle pass
retry scene 17 area (1280, 512) after an idle pass
retry scene 17 area (1280, 512) after an idle pass
retry scene 17 area (1280, 512) after an idle pass
retry scene 17 area (1280, 512) after an idle pass
checkpoint iterations=120000 scene=17 position=(1328, 568)
retry scene 17 area (1280, 512) after an idle pass
retry scene 17 area (1280, 512) after an idle pass
retry scene 17 area (1280, 512) after an idle pass
retry scene 17 area (1280, 512) after an idle pass
retry scene 17 area (1280, 512) after an idle pass
retry scene 17 area (1280, 512) after an idle pass
retry scene 17 area (1280, 512) after an idle pass
retry scene 17 area (1280, 512) after an idle pass
retry scene 17 area (1280, 512) after an idle pass
retry scene 17 area (1280, 512) after an idle pass
retry scene 17 area (1280, 512) after an idle pass
retry scene 17 area (1280, 512) after an idle pass
retry scene 17 area (1280, 512) after an idle pass
retry scene 17 area (1280, 512) after an idle pass
retry scene 17 area (1280, 512) after an idle pass
retry scene 17 area (1280, 512) after an idle pass
retry scene 17 area (1280, 512) after an idle pass
retry scene 17 area (1280, 512) after an idle pass
retry scene 17 area (1280, 512) after an idle pass
retry scene 17 area (1280, 512) after an idle pass
retry scene 17 area (1280, 512) after an idle pass
retry scene 17 area (1280, 512) after an idle pass
retry scene 17 area (1280, 512) after an idle pass
retry scene 17 area (1280, 512) after an idle pass
retry scene 17 area (1280, 512) after an idle pass
retry scene 17 area (1280, 512) after an idle pass
retry scene 17 area (1280, 512) after an idle pass
retry scene 17 area (1280, 512) after an idle pass
retry scene 17 area (1280, 512) after an idle pass
retry scene 17 area (1280, 512) after an idle pass
retry scene 17 area (1280, 512) after an idle pass
retry scene 17 area (1280, 512) after an idle pass
retry scene 17 area (1280, 512) after an idle pass
retry scene 17 area (1280, 512) after an idle pass
retry scene 17 area (1280, 512) after an idle pass
retry scene 17 area (1280, 512) after an idle pass
retry scene 17 area (1280, 512) after an idle pass
retry scene 17 area (1280, 512) after an idle pass
retry scene 17 area (1280, 512) after an idle pass
retry scene 17 area (1280, 512) after an idle pass
retry scene 17 area (1280, 512) after an idle pass
retry scene 17 area (1280, 512) after an idle pass
checkpoint iterations=130000 scene=17 position=(1328, 568)
retry scene 17 area (1280, 512) after an idle pass
retry scene 17 area (1280, 512) after an idle pass
retry scene 17 area (1280, 512) after an idle pass
retry scene 17 area (1280, 512) after an idle pass
retry scene 17 area (1280, 512) after an idle pass
retry scene 17 area (1280, 512) after an idle pass
retry scene 17 area (1280, 512) after an idle pass
retry scene 17 area (1280, 512) after an idle pass
retry scene 17 area (1280, 512) after an idle pass
retry scene 17 area (1280, 512) after an idle pass
retry scene 17 area (1280, 512) after an idle pass
retry scene 17 area (1280, 512) after an idle pass
retry scene 17 area (1280, 512) after an idle pass
retry scene 17 area (1280, 512) after an idle pass
retry scene 17 area (1280, 512) after an idle pass
retry scene 17 area (1280, 512) after an idle pass
retry scene 17 area (1280, 512) after an idle pass
retry scene 17 area (1280, 512) after an idle pass
retry scene 17 area (1280, 512) after an idle pass
retry scene 17 area (1280, 512) after an idle pass
retry scene 17 area (1280, 512) after an idle pass
retry scene 17 area (1280, 512) after an idle pass
retry scene 17 area (1280, 512) after an idle pass
retry scene 17 area (1280, 512) after an idle pass
retry scene 17 area (1280, 512) after an idle pass
retry scene 17 area (1280, 512) after an idle pass
retry scene 17 area (1280, 512) after an idle pass
retry scene 17 area (1280, 512) after an idle pass
retry scene 17 area (1280, 512) after an idle pass
retry scene 17 area (1280, 512) after an idle pass
retry scene 17 area (1280, 512) after an idle pass
retry scene 17 area (1280, 512) after an idle pass
retry scene 17 area (1280, 512) after an idle pass
retry scene 17 area (1280, 512) after an idle pass
retry scene 17 area (1280, 512) after an idle pass
retry scene 17 area (1280, 512) after an idle pass
retry scene 17 area (1280, 512) after an idle pass
retry scene 17 area (1280, 512) after an idle pass
retry scene 17 area (1280, 512) after an idle pass
retry scene 17 area (1280, 512) after an idle pass
retry scene 17 area (1280, 512) after an idle pass
retry scene 17 area (1280, 512) after an idle pass
checkpoint iterations=140000 scene=17 position=(1328, 568)
retry scene 17 area (1280, 512) after an idle pass
retry scene 17 area (1280, 512) after an idle pass
retry scene 17 area (1280, 512) after an idle pass
retry scene 17 area (1280, 512) after an idle pass
retry scene 17 area (1280, 512) after an idle pass
retry scene 17 area (1280, 512) after an idle pass
retry scene 17 area (1280, 512) after an idle pass
retry scene 17 area (1280, 512) after an idle pass
retry scene 17 area (1280, 512) after an idle pass
retry scene 17 area (1280, 512) after an idle pass
retry scene 17 area (1280, 512) after an idle pass
retry scene 17 area (1280, 512) after an idle pass
retry scene 17 area (1280, 512) after an idle pass
retry scene 17 area (1280, 512) after an idle pass
retry scene 17 area (1280, 512) after an idle pass
retry scene 17 area (1280, 512) after an idle pass
retry scene 17 area (1280, 512) after an idle pass
retry scene 17 area (1280, 512) after an idle pass
retry scene 17 area (1280, 512) after an idle pass
retry scene 17 area (1280, 512) after an idle pass
retry scene 17 area (1280, 512) after an idle pass
retry scene 17 area (1280, 512) after an idle pass
retry scene 17 area (1280, 512) after an idle pass
retry scene 17 area (1280, 512) after an idle pass
retry scene 17 area (1280, 512) after an idle pass
retry scene 17 area (1280, 512) after an idle pass
retry scene 17 area (1280, 512) after an idle pass
retry scene 17 area (1280, 512) after an idle pass
retry scene 17 area (1280, 512) after an idle pass
retry scene 17 area (1280, 512) after an idle pass
retry scene 17 area (1280, 512) after an idle pass
retry scene 17 area (1280, 512) after an idle pass
retry scene 17 area (1280, 512) after an idle pass
retry scene 17 area (1280, 512) after an idle pass
retry scene 17 area (1280, 512) after an idle pass
retry scene 17 area (1280, 512) after an idle pass
retry scene 17 area (1280, 512) after an idle pass
retry scene 17 area (1280, 512) after an idle pass
retry scene 17 area (1280, 512) after an idle pass
retry scene 17 area (1280, 512) after an idle pass
retry scene 17 area (1280, 512) after an idle pass
checkpoint iterations=150000 scene=17 position=(1328, 568)
retry scene 17 area (1280, 512) after an idle pass
retry scene 17 area (1280, 512) after an idle pass
retry scene 17 area (1280, 512) after an idle pass
retry scene 17 area (1280, 512) after an idle pass
retry scene 17 area (1280, 512) after an idle pass
retry scene 17 area (1280, 512) after an idle pass
retry scene 17 area (1280, 512) after an idle pass
retry scene 17 area (1280, 512) after an idle pass
retry scene 17 area (1280, 512) after an idle pass
retry scene 17 area (1280, 512) after an idle pass
retry scene 17 area (1280, 512) after an idle pass
retry scene 17 area (1280, 512) after an idle pass
retry scene 17 area (1280, 512) after an idle pass
retry scene 17 area (1280, 512) after an idle pass
retry scene 17 area (1280, 512) after an idle pass
retry scene 17 area (1280, 512) after an idle pass
retry scene 17 area (1280, 512) after an idle pass
retry scene 17 area (1280, 512) after an idle pass
retry scene 17 area (1280, 512) after an idle pass
retry scene 17 area (1280, 512) after an idle pass
retry scene 17 area (1280, 512) after an idle pass
retry scene 17 area (1280, 512) after an idle pass
retry scene 17 area (1280, 512) after an idle pass
retry scene 17 area (1280, 512) after an idle pass
retry scene 17 area (1280, 512) after an idle pass
retry scene 17 area (1280, 512) after an idle pass
retry scene 17 area (1280, 512) after an idle pass
retry scene 17 area (1280, 512) after an idle pass
retry scene 17 area (1280, 512) after an idle pass
retry scene 17 area (1280, 512) after an idle pass
retry scene 17 area (1280, 512) after an idle pass
retry scene 17 area (1280, 512) after an idle pass
retry scene 17 area (1280, 512) after an idle pass
retry scene 17 area (1280, 512) after an idle pass
retry scene 17 area (1280, 512) after an idle pass
retry scene 17 area (1280, 512) after an idle pass
retry scene 17 area (1280, 512) after an idle pass
retry scene 17 area (1280, 512) after an idle pass
retry scene 17 area (1280, 512) after an idle pass
retry scene 17 area (1280, 512) after an idle pass
retry scene 17 area (1280, 512) after an idle pass
retry scene 17 area (1280, 512) after an idle pass
checkpoint iterations=160000 scene=17 position=(1328, 568)
retry scene 17 area (1280, 512) after an idle pass
retry scene 17 area (1280, 512) after an idle pass
retry scene 17 area (1280, 512) after an idle pass
retry scene 17 area (1280, 512) after an idle pass
retry scene 17 area (1280, 512) after an idle pass
retry scene 17 area (1280, 512) after an idle pass
retry scene 17 area (1280, 512) after an idle pass
retry scene 17 area (1280, 512) after an idle pass
retry scene 17 area (1280, 512) after an idle pass
retry scene 17 area (1280, 512) after an idle pass
retry scene 17 area (1280, 512) after an idle pass
retry scene 17 area (1280, 512) after an idle pass
retry scene 17 area (1280, 512) after an idle pass
retry scene 17 area (1280, 512) after an idle pass
retry scene 17 area (1280, 512) after an idle pass
retry scene 17 area (1280, 512) after an idle pass
retry scene 17 area (1280, 512) after an idle pass
retry scene 17 area (1280, 512) after an idle pass
retry scene 17 area (1280, 512) after an idle pass
retry scene 17 area (1280, 512) after an idle pass
retry scene 17 area (1280, 512) after an idle pass
retry scene 17 area (1280, 512) after an idle pass
retry scene 17 area (1280, 512) after an idle pass
retry scene 17 area (1280, 512) after an idle pass
retry scene 17 area (1280, 512) after an idle pass
retry scene 17 area (1280, 512) after an idle pass
retry scene 17 area (1280, 512) after an idle pass
retry scene 17 area (1280, 512) after an idle pass
retry scene 17 area (1280, 512) after an idle pass
retry scene 17 area (1280, 512) after an idle pass
retry scene 17 area (1280, 512) after an idle pass
retry scene 17 area (1280, 512) after an idle pass
retry scene 17 area (1280, 512) after an idle pass
retry scene 17 area (1280, 512) after an idle pass
retry scene 17 area (1280, 512) after an idle pass
retry scene 17 area (1280, 512) after an idle pass
retry scene 17 area (1280, 512) after an idle pass
retry scene 17 area (1280, 512) after an idle pass
retry scene 17 area (1280, 512) after an idle pass
retry scene 17 area (1280, 512) after an idle pass
retry scene 17 area (1280, 512) after an idle pass
retry scene 17 area (1280, 512) after an idle pass
checkpoint iterations=170000 scene=17 position=(1328, 568)
retry scene 17 area (1280, 512) after an idle pass
retry scene 17 area (1280, 512) after an idle pass
retry scene 17 area (1280, 512) after an idle pass
retry scene 17 area (1280, 512) after an idle pass
retry scene 17 area (1280, 512) after an idle pass
retry scene 17 area (1280, 512) after an idle pass
retry scene 17 area (1280, 512) after an idle pass
retry scene 17 area (1280, 512) after an idle pass
retry scene 17 area (1280, 512) after an idle pass
retry scene 17 area (1280, 512) after an idle pass
retry scene 17 area (1280, 512) after an idle pass
retry scene 17 area (1280, 512) after an idle pass
retry scene 17 area (1280, 512) after an idle pass
retry scene 17 area (1280, 512) after an idle pass
retry scene 17 area (1280, 512) after an idle pass
retry scene 17 area (1280, 512) after an idle pass
retry scene 17 area (1280, 512) after an idle pass
retry scene 17 area (1280, 512) after an idle pass
retry scene 17 area (1280, 512) after an idle pass
retry scene 17 area (1280, 512) after an idle pass
retry scene 17 area (1280, 512) after an idle pass
retry scene 17 area (1280, 512) after an idle pass
retry scene 17 area (1280, 512) after an idle pass
retry scene 17 area (1280, 512) after an idle pass
retry scene 17 area (1280, 512) after an idle pass
retry scene 17 area (1280, 512) after an idle pass
retry scene 17 area (1280, 512) after an idle pass
retry scene 17 area (1280, 512) after an idle pass
retry scene 17 area (1280, 512) after an idle pass
retry scene 17 area (1280, 512) after an idle pass
retry scene 17 area (1280, 512) after an idle pass
retry scene 17 area (1280, 512) after an idle pass
retry scene 17 area (1280, 512) after an idle pass
retry scene 17 area (1280, 512) after an idle pass
retry scene 17 area (1280, 512) after an idle pass
retry scene 17 area (1280, 512) after an idle pass
retry scene 17 area (1280, 512) after an idle pass
retry scene 17 area (1280, 512) after an idle pass
retry scene 17 area (1280, 512) after an idle pass
retry scene 17 area (1280, 512) after an idle pass
retry scene 17 area (1280, 512) after an idle pass
checkpoint iterations=180000 scene=17 position=(1328, 568)
retry scene 17 area (1280, 512) after an idle pass
retry scene 17 area (1280, 512) after an idle pass
retry scene 17 area (1280, 512) after an idle pass
retry scene 17 area (1280, 512) after an idle pass
retry scene 17 area (1280, 512) after an idle pass
retry scene 17 area (1280, 512) after an idle pass
retry scene 17 area (1280, 512) after an idle pass
retry scene 17 area (1280, 512) after an idle pass
retry scene 17 area (1280, 512) after an idle pass
retry scene 17 area (1280, 512) after an idle pass
retry scene 17 area (1280, 512) after an idle pass
retry scene 17 area (1280, 512) after an idle pass
retry scene 17 area (1280, 512) after an idle pass
retry scene 17 area (1280, 512) after an idle pass
retry scene 17 area (1280, 512) after an idle pass
retry scene 17 area (1280, 512) after an idle pass
retry scene 17 area (1280, 512) after an idle pass
retry scene 17 area (1280, 512) after an idle pass
retry scene 17 area (1280, 512) after an idle pass
retry scene 17 area (1280, 512) after an idle pass
retry scene 17 area (1280, 512) after an idle pass
retry scene 17 area (1280, 512) after an idle pass
retry scene 17 area (1280, 512) after an idle pass
retry scene 17 area (1280, 512) after an idle pass
retry scene 17 area (1280, 512) after an idle pass
retry scene 17 area (1280, 512) after an idle pass
retry scene 17 area (1280, 512) after an idle pass
retry scene 17 area (1280, 512) after an idle pass
retry scene 17 area (1280, 512) after an idle pass
retry scene 17 area (1280, 512) after an idle pass
retry scene 17 area (1280, 512) after an idle pass
retry scene 17 area (1280, 512) after an idle pass
retry scene 17 area (1280, 512) after an idle pass
retry scene 17 area (1280, 512) after an idle pass
retry scene 17 area (1280, 512) after an idle pass
retry scene 17 area (1280, 512) after an idle pass
retry scene 17 area (1280, 512) after an idle pass
retry scene 17 area (1280, 512) after an idle pass
retry scene 17 area (1280, 512) after an idle pass
retry scene 17 area (1280, 512) after an idle pass
retry scene 17 area (1280, 512) after an idle pass
retry scene 17 area (1280, 512) after an idle pass
checkpoint iterations=190000 scene=17 position=(1328, 568)
retry scene 17 area (1280, 512) after an idle pass
retry scene 17 area (1280, 512) after an idle pass
retry scene 17 area (1280, 512) after an idle pass
retry scene 17 area (1280, 512) after an idle pass
retry scene 17 area (1280, 512) after an idle pass
retry scene 17 area (1280, 512) after an idle pass
retry scene 17 area (1280, 512) after an idle pass
retry scene 17 area (1280, 512) after an idle pass
retry scene 17 area (1280, 512) after an idle pass
retry scene 17 area (1280, 512) after an idle pass
retry scene 17 area (1280, 512) after an idle pass
retry scene 17 area (1280, 512) after an idle pass
retry scene 17 area (1280, 512) after an idle pass
retry scene 17 area (1280, 512) after an idle pass
retry scene 17 area (1280, 512) after an idle pass
retry scene 17 area (1280, 512) after an idle pass
retry scene 17 area (1280, 512) after an idle pass
retry scene 17 area (1280, 512) after an idle pass
retry scene 17 area (1280, 512) after an idle pass
retry scene 17 area (1280, 512) after an idle pass
retry scene 17 area (1280, 512) after an idle pass
retry scene 17 area (1280, 512) after an idle pass
retry scene 17 area (1280, 512) after an idle pass
retry scene 17 area (1280, 512) after an idle pass
retry scene 17 area (1280, 512) after an idle pass
retry scene 17 area (1280, 512) after an idle pass
retry scene 17 area (1280, 512) after an idle pass
retry scene 17 area (1280, 512) after an idle pass
retry scene 17 area (1280, 512) after an idle pass
retry scene 17 area (1280, 512) after an idle pass
retry scene 17 area (1280, 512) after an idle pass
retry scene 17 area (1280, 512) after an idle pass
retry scene 17 area (1280, 512) after an idle pass
retry scene 17 area (1280, 512) after an idle pass
retry scene 17 area (1280, 512) after an idle pass
retry scene 17 area (1280, 512) after an idle pass
retry scene 17 area (1280, 512) after an idle pass
retry scene 17 area (1280, 512) after an idle pass
retry scene 17 area (1280, 512) after an idle pass
retry scene 17 area (1280, 512) after an idle pass
retry scene 17 area (1280, 512) after an idle pass
retry scene 17 area (1280, 512) after an idle pass
checkpoint iterations=200000 scene=17 position=(1328, 568)
retry scene 17 area (1280, 512) after an idle pass
retry scene 17 area (1280, 512) after an idle pass
retry scene 17 area (1280, 512) after an idle pass
retry scene 17 area (1280, 512) after an idle pass
retry scene 17 area (1280, 512) after an idle pass
retry scene 17 area (1280, 512) after an idle pass
retry scene 17 area (1280, 512) after an idle pass
retry scene 17 area (1280, 512) after an idle pass
retry scene 17 area (1280, 512) after an idle pass
retry scene 17 area (1280, 512) after an idle pass
retry scene 17 area (1280, 512) after an idle pass
retry scene 17 area (1280, 512) after an idle pass
retry scene 17 area (1280, 512) after an idle pass
retry scene 17 area (1280, 512) after an idle pass
retry scene 17 area (1280, 512) after an idle pass
retry scene 17 area (1280, 512) after an idle pass
retry scene 17 area (1280, 512) after an idle pass
retry scene 17 area (1280, 512) after an idle pass
retry scene 17 area (1280, 512) after an idle pass
retry scene 17 area (1280, 512) after an idle pass
retry scene 17 area (1280, 512) after an idle pass
retry scene 17 area (1280, 512) after an idle pass
retry scene 17 area (1280, 512) after an idle pass
retry scene 17 area (1280, 512) after an idle pass
retry scene 17 area (1280, 512) after an idle pass
retry scene 17 area (1280, 512) after an idle pass
retry scene 17 area (1280, 512) after an idle pass
retry scene 17 area (1280, 512) after an idle pass
retry scene 17 area (1280, 512) after an idle pass
retry scene 17 area (1280, 512) after an idle pass
retry scene 17 area (1280, 512) after an idle pass
retry scene 17 area (1280, 512) after an idle pass
retry scene 17 area (1280, 512) after an idle pass
retry scene 17 area (1280, 512) after an idle pass
retry scene 17 area (1280, 512) after an idle pass
retry scene 17 area (1280, 512) after an idle pass
retry scene 17 area (1280, 512) after an idle pass
retry scene 17 area (1280, 512) after an idle pass
retry scene 17 area (1280, 512) after an idle pass
retry scene 17 area (1280, 512) after an idle pass
retry scene 17 area (1280, 512) after an idle pass
checkpoint iterations=210000 scene=17 position=(1328, 568)
retry scene 17 area (1280, 512) after an idle pass
retry scene 17 area (1280, 512) after an idle pass
retry scene 17 area (1280, 512) after an idle pass
retry scene 17 area (1280, 512) after an idle pass
retry scene 17 area (1280, 512) after an idle pass
retry scene 17 area (1280, 512) after an idle pass
retry scene 17 area (1280, 512) after an idle pass
retry scene 17 area (1280, 512) after an idle pass
retry scene 17 area (1280, 512) after an idle pass
retry scene 17 area (1280, 512) after an idle pass
retry scene 17 area (1280, 512) after an idle pass
retry scene 17 area (1280, 512) after an idle pass
retry scene 17 area (1280, 512) after an idle pass
retry scene 17 area (1280, 512) after an idle pass
retry scene 17 area (1280, 512) after an idle pass
retry scene 17 area (1280, 512) after an idle pass
retry scene 17 area (1280, 512) after an idle pass
retry scene 17 area (1280, 512) after an idle pass
retry scene 17 area (1280, 512) after an idle pass
retry scene 17 area (1280, 512) after an idle pass
retry scene 17 area (1280, 512) after an idle pass
retry scene 17 area (1280, 512) after an idle pass
retry scene 17 area (1280, 512) after an idle pass
retry scene 17 area (1280, 512) after an idle pass
retry scene 17 area (1280, 512) after an idle pass
retry scene 17 area (1280, 512) after an idle pass
retry scene 17 area (1280, 512) after an idle pass
retry scene 17 area (1280, 512) after an idle pass
retry scene 17 area (1280, 512) after an idle pass
retry scene 17 area (1280, 512) after an idle pass
retry scene 17 area (1280, 512) after an idle pass
retry scene 17 area (1280, 512) after an idle pass
retry scene 17 area (1280, 512) after an idle pass
retry scene 17 area (1280, 512) after an idle pass
retry scene 17 area (1280, 512) after an idle pass
retry scene 17 area (1280, 512) after an idle pass
retry scene 17 area (1280, 512) after an idle pass
retry scene 17 area (1280, 512) after an idle pass
retry scene 17 area (1280, 512) after an idle pass
retry scene 17 area (1280, 512) after an idle pass
retry scene 17 area (1280, 512) after an idle pass
retry scene 17 area (1280, 512) after an idle pass
checkpoint iterations=220000 scene=17 position=(1328, 568)
retry scene 17 area (1280, 512) after an idle pass
retry scene 17 area (1280, 512) after an idle pass
retry scene 17 area (1280, 512) after an idle pass
retry scene 17 area (1280, 512) after an idle pass
retry scene 17 area (1280, 512) after an idle pass
retry scene 17 area (1280, 512) after an idle pass
retry scene 17 area (1280, 512) after an idle pass
retry scene 17 area (1280, 512) after an idle pass
retry scene 17 area (1280, 512) after an idle pass
retry scene 17 area (1280, 512) after an idle pass
retry scene 17 area (1280, 512) after an idle pass
retry scene 17 area (1280, 512) after an idle pass
retry scene 17 area (1280, 512) after an idle pass
retry scene 17 area (1280, 512) after an idle pass
retry scene 17 area (1280, 512) after an idle pass
retry scene 17 area (1280, 512) after an idle pass
retry scene 17 area (1280, 512) after an idle pass
retry scene 17 area (1280, 512) after an idle pass
retry scene 17 area (1280, 512) after an idle pass
retry scene 17 area (1280, 512) after an idle pass
retry scene 17 area (1280, 512) after an idle pass
retry scene 17 area (1280, 512) after an idle pass
retry scene 17 area (1280, 512) after an idle pass
retry scene 17 area (1280, 512) after an idle pass
retry scene 17 area (1280, 512) after an idle pass
retry scene 17 area (1280, 512) after an idle pass
retry scene 17 area (1280, 512) after an idle pass
retry scene 17 area (1280, 512) after an idle pass
retry scene 17 area (1280, 512) after an idle pass
retry scene 17 area (1280, 512) after an idle pass
retry scene 17 area (1280, 512) after an idle pass
retry scene 17 area (1280, 512) after an idle pass
retry scene 17 area (1280, 512) after an idle pass
retry scene 17 area (1280, 512) after an idle pass
retry scene 17 area (1280, 512) after an idle pass
retry scene 17 area (1280, 512) after an idle pass
retry scene 17 area (1280, 512) after an idle pass
retry scene 17 area (1280, 512) after an idle pass
retry scene 17 area (1280, 512) after an idle pass
retry scene 17 area (1280, 512) after an idle pass
retry scene 17 area (1280, 512) after an idle pass
retry scene 17 area (1280, 512) after an idle pass
checkpoint iterations=230000 scene=17 position=(1328, 568)
retry scene 17 area (1280, 512) after an idle pass
retry scene 17 area (1280, 512) after an idle pass
retry scene 17 area (1280, 512) after an idle pass
retry scene 17 area (1280, 512) after an idle pass
retry scene 17 area (1280, 512) after an idle pass
retry scene 17 area (1280, 512) after an idle pass
retry scene 17 area (1280, 512) after an idle pass
retry scene 17 area (1280, 512) after an idle pass
retry scene 17 area (1280, 512) after an idle pass
retry scene 17 area (1280, 512) after an idle pass
retry scene 17 area (1280, 512) after an idle pass
retry scene 17 area (1280, 512) after an idle pass
retry scene 17 area (1280, 512) after an idle pass
retry scene 17 area (1280, 512) after an idle pass
retry scene 17 area (1280, 512) after an idle pass
retry scene 17 area (1280, 512) after an idle pass
retry scene 17 area (1280, 512) after an idle pass
retry scene 17 area (1280, 512) after an idle pass
retry scene 17 area (1280, 512) after an idle pass
retry scene 17 area (1280, 512) after an idle pass
retry scene 17 area (1280, 512) after an idle pass
retry scene 17 area (1280, 512) after an idle pass
retry scene 17 area (1280, 512) after an idle pass
retry scene 17 area (1280, 512) after an idle pass
retry scene 17 area (1280, 512) after an idle pass
retry scene 17 area (1280, 512) after an idle pass
retry scene 17 area (1280, 512) after an idle pass
retry scene 17 area (1280, 512) after an idle pass
retry scene 17 area (1280, 512) after an idle pass
retry scene 17 area (1280, 512) after an idle pass
retry scene 17 area (1280, 512) after an idle pass
retry scene 17 area (1280, 512) after an idle pass
retry scene 17 area (1280, 512) after an idle pass
retry scene 17 area (1280, 512) after an idle pass
retry scene 17 area (1280, 512) after an idle pass
retry scene 17 area (1280, 512) after an idle pass
retry scene 17 area (1280, 512) after an idle pass
retry scene 17 area (1280, 512) after an idle pass
retry scene 17 area (1280, 512) after an idle pass
retry scene 17 area (1280, 512) after an idle pass
retry scene 17 area (1280, 512) after an idle pass
checkpoint iterations=240000 scene=17 position=(1328, 568)
retry scene 17 area (1280, 512) after an idle pass
retry scene 17 area (1280, 512) after an idle pass
retry scene 17 area (1280, 512) after an idle pass
retry scene 17 area (1280, 512) after an idle pass
retry scene 17 area (1280, 512) after an idle pass
retry scene 17 area (1280, 512) after an idle pass
retry scene 17 area (1280, 512) after an idle pass
retry scene 17 area (1280, 512) after an idle pass
retry scene 17 area (1280, 512) after an idle pass
retry scene 17 area (1280, 512) after an idle pass
retry scene 17 area (1280, 512) after an idle pass
retry scene 17 area (1280, 512) after an idle pass
retry scene 17 area (1280, 512) after an idle pass
retry scene 17 area (1280, 512) after an idle pass
retry scene 17 area (1280, 512) after an idle pass
retry scene 17 area (1280, 512) after an idle pass
retry scene 17 area (1280, 512) after an idle pass
retry scene 17 area (1280, 512) after an idle pass
retry scene 17 area (1280, 512) after an idle pass
retry scene 17 area (1280, 512) after an idle pass
retry scene 17 area (1280, 512) after an idle pass
retry scene 17 area (1280, 512) after an idle pass
retry scene 17 area (1280, 512) after an idle pass
retry scene 17 area (1280, 512) after an idle pass
retry scene 17 area (1280, 512) after an idle pass
retry scene 17 area (1280, 512) after an idle pass
retry scene 17 area (1280, 512) after an idle pass
retry scene 17 area (1280, 512) after an idle pass
retry scene 17 area (1280, 512) after an idle pass
retry scene 17 area (1280, 512) after an idle pass
retry scene 17 area (1280, 512) after an idle pass
retry scene 17 area (1280, 512) after an idle pass
retry scene 17 area (1280, 512) after an idle pass
retry scene 17 area (1280, 512) after an idle pass
retry scene 17 area (1280, 512) after an idle pass
retry scene 17 area (1280, 512) after an idle pass
retry scene 17 area (1280, 512) after an idle pass
retry scene 17 area (1280, 512) after an idle pass
retry scene 17 area (1280, 512) after an idle pass
retry scene 17 area (1280, 512) after an idle pass
retry scene 17 area (1280, 512) after an idle pass
retry scene 17 area (1280, 512) after an idle pass
checkpoint iterations=250000 scene=17 position=(1328, 568)
retry scene 17 area (1280, 512) after an idle pass
retry scene 17 area (1280, 512) after an idle pass
retry scene 17 area (1280, 512) after an idle pass
retry scene 17 area (1280, 512) after an idle pass
retry scene 17 area (1280, 512) after an idle pass
retry scene 17 area (1280, 512) after an idle pass
retry scene 17 area (1280, 512) after an idle pass
retry scene 17 area (1280, 512) after an idle pass
retry scene 17 area (1280, 512) after an idle pass
retry scene 17 area (1280, 512) after an idle pass
retry scene 17 area (1280, 512) after an idle pass
retry scene 17 area (1280, 512) after an idle pass
retry scene 17 area (1280, 512) after an idle pass
retry scene 17 area (1280, 512) after an idle pass
retry scene 17 area (1280, 512) after an idle pass
retry scene 17 area (1280, 512) after an idle pass
retry scene 17 area (1280, 512) after an idle pass
retry scene 17 area (1280, 512) after an idle pass
retry scene 17 area (1280, 512) after an idle pass
retry scene 17 area (1280, 512) after an idle pass
retry scene 17 area (1280, 512) after an idle pass
retry scene 17 area (1280, 512) after an idle pass
retry scene 17 area (1280, 512) after an idle pass
retry scene 17 area (1280, 512) after an idle pass
retry scene 17 area (1280, 512) after an idle pass
retry scene 17 area (1280, 512) after an idle pass
retry scene 17 area (1280, 512) after an idle pass
retry scene 17 area (1280, 512) after an idle pass
retry scene 17 area (1280, 512) after an idle pass
retry scene 17 area (1280, 512) after an idle pass
retry scene 17 area (1280, 512) after an idle pass
retry scene 17 area (1280, 512) after an idle pass
retry scene 17 area (1280, 512) after an idle pass
retry scene 17 area (1280, 512) after an idle pass
retry scene 17 area (1280, 512) after an idle pass
retry scene 17 area (1280, 512) after an idle pass
retry scene 17 area (1280, 512) after an idle pass
retry scene 17 area (1280, 512) after an idle pass
retry scene 17 area (1280, 512) after an idle pass
retry scene 17 area (1280, 512) after an idle pass
retry scene 17 area (1280, 512) after an idle pass
retry scene 17 area (1280, 512) after an idle pass
checkpoint iterations=260000 scene=17 position=(1328, 568)
retry scene 17 area (1280, 512) after an idle pass
retry scene 17 area (1280, 512) after an idle pass
retry scene 17 area (1280, 512) after an idle pass
retry scene 17 area (1280, 512) after an idle pass
retry scene 17 area (1280, 512) after an idle pass
retry scene 17 area (1280, 512) after an idle pass
retry scene 17 area (1280, 512) after an idle pass
retry scene 17 area (1280, 512) after an idle pass
retry scene 17 area (1280, 512) after an idle pass
retry scene 17 area (1280, 512) after an idle pass
retry scene 17 area (1280, 512) after an idle pass
retry scene 17 area (1280, 512) after an idle pass
retry scene 17 area (1280, 512) after an idle pass
retry scene 17 area (1280, 512) after an idle pass
retry scene 17 area (1280, 512) after an idle pass
retry scene 17 area (1280, 512) after an idle pass
retry scene 17 area (1280, 512) after an idle pass
retry scene 17 area (1280, 512) after an idle pass
retry scene 17 area (1280, 512) after an idle pass
retry scene 17 area (1280, 512) after an idle pass
retry scene 17 area (1280, 512) after an idle pass
retry scene 17 area (1280, 512) after an idle pass
retry scene 17 area (1280, 512) after an idle pass
retry scene 17 area (1280, 512) after an idle pass
retry scene 17 area (1280, 512) after an idle pass
retry scene 17 area (1280, 512) after an idle pass
retry scene 17 area (1280, 512) after an idle pass
retry scene 17 area (1280, 512) after an idle pass
retry scene 17 area (1280, 512) after an idle pass
retry scene 17 area (1280, 512) after an idle pass
retry scene 17 area (1280, 512) after an idle pass
retry scene 17 area (1280, 512) after an idle pass
retry scene 17 area (1280, 512) after an idle pass
retry scene 17 area (1280, 512) after an idle pass
retry scene 17 area (1280, 512) after an idle pass
retry scene 17 area (1280, 512) after an idle pass
retry scene 17 area (1280, 512) after an idle pass
retry scene 17 area (1280, 512) after an idle pass
retry scene 17 area (1280, 512) after an idle pass
retry scene 17 area (1280, 512) after an idle pass
retry scene 17 area (1280, 512) after an idle pass
checkpoint iterations=270000 scene=17 position=(1328, 568)
retry scene 17 area (1280, 512) after an idle pass
retry scene 17 area (1280, 512) after an idle pass
retry scene 17 area (1280, 512) after an idle pass
retry scene 17 area (1280, 512) after an idle pass
retry scene 17 area (1280, 512) after an idle pass
retry scene 17 area (1280, 512) after an idle pass
retry scene 17 area (1280, 512) after an idle pass
retry scene 17 area (1280, 512) after an idle pass
retry scene 17 area (1280, 512) after an idle pass
retry scene 17 area (1280, 512) after an idle pass
retry scene 17 area (1280, 512) after an idle pass
retry scene 17 area (1280, 512) after an idle pass
retry scene 17 area (1280, 512) after an idle pass
retry scene 17 area (1280, 512) after an idle pass
retry scene 17 area (1280, 512) after an idle pass
retry scene 17 area (1280, 512) after an idle pass
retry scene 17 area (1280, 512) after an idle pass
retry scene 17 area (1280, 512) after an idle pass
retry scene 17 area (1280, 512) after an idle pass
retry scene 17 area (1280, 512) after an idle pass
retry scene 17 area (1280, 512) after an idle pass
retry scene 17 area (1280, 512) after an idle pass
retry scene 17 area (1280, 512) after an idle pass
retry scene 17 area (1280, 512) after an idle pass
retry scene 17 area (1280, 512) after an idle pass
retry scene 17 area (1280, 512) after an idle pass
retry scene 17 area (1280, 512) after an idle pass
retry scene 17 area (1280, 512) after an idle pass
retry scene 17 area (1280, 512) after an idle pass
retry scene 17 area (1280, 512) after an idle pass
retry scene 17 area (1280, 512) after an idle pass
retry scene 17 area (1280, 512) after an idle pass
retry scene 17 area (1280, 512) after an idle pass
retry scene 17 area (1280, 512) after an idle pass
retry scene 17 area (1280, 512) after an idle pass
retry scene 17 area (1280, 512) after an idle pass
retry scene 17 area (1280, 512) after an idle pass
retry scene 17 area (1280, 512) after an idle pass
retry scene 17 area (1280, 512) after an idle pass
retry scene 17 area (1280, 512) after an idle pass
retry scene 17 area (1280, 512) after an idle pass
retry scene 17 area (1280, 512) after an idle pass
checkpoint iterations=280000 scene=17 position=(1328, 568)
retry scene 17 area (1280, 512) after an idle pass
retry scene 17 area (1280, 512) after an idle pass
retry scene 17 area (1280, 512) after an idle pass
retry scene 17 area (1280, 512) after an idle pass
retry scene 17 area (1280, 512) after an idle pass
retry scene 17 area (1280, 512) after an idle pass
retry scene 17 area (1280, 512) after an idle pass
retry scene 17 area (1280, 512) after an idle pass
retry scene 17 area (1280, 512) after an idle pass
retry scene 17 area (1280, 512) after an idle pass
retry scene 17 area (1280, 512) after an idle pass
retry scene 17 area (1280, 512) after an idle pass
retry scene 17 area (1280, 512) after an idle pass
retry scene 17 area (1280, 512) after an idle pass
retry scene 17 area (1280, 512) after an idle pass
retry scene 17 area (1280, 512) after an idle pass
retry scene 17 area (1280, 512) after an idle pass
retry scene 17 area (1280, 512) after an idle pass
retry scene 17 area (1280, 512) after an idle pass
retry scene 17 area (1280, 512) after an idle pass
retry scene 17 area (1280, 512) after an idle pass
retry scene 17 area (1280, 512) after an idle pass
retry scene 17 area (1280, 512) after an idle pass
retry scene 17 area (1280, 512) after an idle pass
