   Compiling rustpal v0.1.0 (/Users/mlv/orca/workspaces/Legend-of-Sword-and-Fairy/gorgonian)
    Finished `release` profile [optimized] target(s) in 0.80s
     Running `target/release/examples/fullgame_autoplay`
resuming recordings/autoplay-probe-checkpoint.rpg at scene=3 position=(1392, 1384)
target scene=3 area=(160, 112) event=75 script=8149 mode=1 state=1 player=(1552, 1496) pos=(1440, 1424) path=8
target scene=3 area=(160, 112) event=74 script=8149 mode=1 state=1 player=(1424, 1432) pos=(1424, 1416) path=1
target scene=3 area=(160, 112) event=71 script=8146 mode=1 state=2 player=(1440, 1424) pos=(1296, 1448) path=42
marked destination touch VisitKey { scene: 1, area: (1184, 1056), event_id: 52, trigger_script: 4631, trigger_mode: 5, state: 1 }
learned exit AreaKey { scene: 3, anchor: (160, 112) } event=52 -> AreaKey { scene: 1, anchor: (1184, 1056) }
scene 3 -> 1 at frame 11 position (1088, 992)
target scene=1 area=(1184, 1056) event=13 script=4635 mode=5 state=1 player=(1248, 1104) pos=(1200, 1128) path=2
learned targeted exit AreaKey { scene: 1, anchor: (1184, 1056) } event=13 -> AreaKey { scene: 3, anchor: (160, 112) }
marked destination touch VisitKey { scene: 3, area: (160, 112), event_id: 13, trigger_script: 4635, trigger_mode: 5, state: 1 }
learned exit AreaKey { scene: 1, anchor: (1184, 1056) } event=13 -> AreaKey { scene: 3, anchor: (160, 112) }
scene 1 -> 3 at frame 13 position (1248, 1312)
target scene=3 area=(160, 112) event=71 script=8146 mode=1 state=2 player=(1408, 1424) pos=(1296, 1448) path=44
marked destination touch VisitKey { scene: 1, area: (1152, 320), event_id: 51, trigger_script: 4471, trigger_mode: 5, state: 1 }
learned exit AreaKey { scene: 3, anchor: (160, 112) } event=51 -> AreaKey { scene: 1, anchor: (1152, 320) }
scene 3 -> 1 at frame 25 position (1040, 248)
target scene=1 area=(1152, 320) event=4 script=4475 mode=5 state=1 player=(1200, 360) pos=(1152, 384) path=2
learned targeted exit AreaKey { scene: 1, anchor: (1152, 320) } event=4 -> AreaKey { scene: 3, anchor: (160, 112) }
marked destination touch VisitKey { scene: 3, area: (160, 112), event_id: 4, trigger_script: 4475, trigger_mode: 5, state: 1 }
learned exit AreaKey { scene: 1, anchor: (1152, 320) } event=4 -> AreaKey { scene: 3, anchor: (160, 112) }
scene 1 -> 3 at frame 27 position (1408, 1392)
target scene=3 area=(160, 112) event=72 script=8146 mode=1 state=2 player=(1568, 1504) pos=(1312, 1456) path=75
marked destination touch VisitKey { scene: 1, area: (400, 344), event_id: 53, trigger_script: 4639, trigger_mode: 5, state: 1 }
learned exit AreaKey { scene: 3, anchor: (160, 112) } event=53 -> AreaKey { scene: 1, anchor: (400, 344) }
scene 3 -> 1 at frame 48 position (304, 264)
target scene=1 area=(400, 344) event=18 script=4643 mode=5 state=1 player=(464, 376) pos=(416, 400) path=2
learned targeted exit AreaKey { scene: 1, anchor: (400, 344) } event=18 -> AreaKey { scene: 3, anchor: (160, 112) }
marked destination touch VisitKey { scene: 3, area: (160, 112), event_id: 18, trigger_script: 4643, trigger_mode: 5, state: 1 }
learned exit AreaKey { scene: 1, anchor: (400, 344) } event=18 -> AreaKey { scene: 3, anchor: (160, 112) }
scene 1 -> 3 at frame 50 position (1088, 1232)
target scene=3 area=(160, 112) event=48 script=60 mode=4 state=1 player=(1248, 1344) pos=(1168, 1368) path=7
learned targeted exit AreaKey { scene: 3, anchor: (160, 112) } event=48 -> AreaKey { scene: 3, anchor: (1216, 1408) }
marked destination touch VisitKey { scene: 3, area: (1216, 1408), event_id: 48, trigger_script: 60, trigger_mode: 4, state: 1 }
learned exit AreaKey { scene: 3, anchor: (160, 112) } event=48 -> AreaKey { scene: 3, anchor: (1216, 1408) }
area teleport in scene 3 at frame 74: (1168, 1368) -> (1248, 1456)
target scene=3 area=(1216, 1408) event=71 script=8146 mode=1 state=2 player=(1248, 1456) pos=(1296, 1448) path=2
learned targeted exit AreaKey { scene: 3, anchor: (1216, 1408) } event=71 -> AreaKey { scene: 3, anchor: (1152, 1344) }
marked destination touch VisitKey { scene: 3, area: (1152, 1344), event_id: 47, trigger_script: 33, trigger_mode: 4, state: 1 }
learned exit AreaKey { scene: 3, anchor: (1216, 1408) } event=47 -> AreaKey { scene: 3, anchor: (1152, 1344) }
marked destination touch VisitKey { scene: 3, area: (1152, 1344), event_id: 49, trigger_script: 6226, trigger_mode: 5, state: 1 }
learned exit AreaKey { scene: 3, anchor: (1216, 1408) } event=49 -> AreaKey { scene: 3, anchor: (1152, 1344) }
area teleport in scene 3 at frame 87: (1248, 1456) -> (1168, 1368)
target scene=3 area=(1152, 1344) event=71 script=8146 mode=1 state=2 player=(1168, 1368) pos=(1296, 1448) path=61
marked destination touch VisitKey { scene: 3, area: (1216, 1408), event_id: 48, trigger_script: 60, trigger_mode: 4, state: 1 }
learned exit AreaKey { scene: 3, anchor: (1152, 1344) } event=48 -> AreaKey { scene: 3, anchor: (1216, 1408) }
area teleport in scene 3 at frame 104: (1168, 1368) -> (1248, 1456)
target scene=3 area=(1216, 1408) event=47 script=33 mode=4 state=1 player=(1248, 1456) pos=(1248, 1456) path=0
learned targeted exit AreaKey { scene: 3, anchor: (1216, 1408) } event=47 -> AreaKey { scene: 3, anchor: (1152, 1344) }
marked destination touch VisitKey { scene: 3, area: (1152, 1344), event_id: 47, trigger_script: 33, trigger_mode: 4, state: 1 }
learned exit AreaKey { scene: 3, anchor: (1216, 1408) } event=47 -> AreaKey { scene: 3, anchor: (1152, 1344) }
marked destination touch VisitKey { scene: 3, area: (1152, 1344), event_id: 49, trigger_script: 6226, trigger_mode: 5, state: 1 }
learned exit AreaKey { scene: 3, anchor: (1216, 1408) } event=49 -> AreaKey { scene: 3, anchor: (1152, 1344) }
area teleport in scene 3 at frame 117: (1248, 1456) -> (1152, 1360)
target scene=3 area=(1152, 1344) event=71 script=8146 mode=1 state=2 player=(1152, 1360) pos=(1296, 1448) path=60
marked destination touch VisitKey { scene: 1, area: (400, 344), event_id: 53, trigger_script: 4639, trigger_mode: 5, state: 1 }
learned exit AreaKey { scene: 3, anchor: (1152, 1344) } event=53 -> AreaKey { scene: 1, anchor: (400, 344) }
scene 3 -> 1 at frame 125 position (304, 264)
target scene=1 area=(400, 344) event=18 script=4643 mode=5 state=1 player=(464, 376) pos=(416, 400) path=2
learned targeted exit AreaKey { scene: 1, anchor: (400, 344) } event=18 -> AreaKey { scene: 3, anchor: (160, 112) }
marked destination touch VisitKey { scene: 3, area: (160, 112), event_id: 18, trigger_script: 4643, trigger_mode: 5, state: 1 }
learned exit AreaKey { scene: 1, anchor: (400, 344) } event=18 -> AreaKey { scene: 3, anchor: (160, 112) }
scene 1 -> 3 at frame 127 position (1088, 1232)
target scene=3 area=(160, 112) event=52 script=4631 mode=5 state=1 player=(1248, 1344) pos=(1456, 1400) path=12
learned targeted exit AreaKey { scene: 3, anchor: (160, 112) } event=52 -> AreaKey { scene: 1, anchor: (1184, 1056) }
marked destination touch VisitKey { scene: 1, area: (1184, 1056), event_id: 52, trigger_script: 4631, trigger_mode: 5, state: 1 }
learned exit AreaKey { scene: 3, anchor: (160, 112) } event=52 -> AreaKey { scene: 1, anchor: (1184, 1056) }
scene 3 -> 1 at frame 139 position (1088, 992)
target scene=1 area=(1184, 1056) event=13 script=4635 mode=5 state=1 player=(1248, 1104) pos=(1200, 1128) path=2
learned targeted exit AreaKey { scene: 1, anchor: (1184, 1056) } event=13 -> AreaKey { scene: 3, anchor: (160, 112) }
marked destination touch VisitKey { scene: 3, area: (160, 112), event_id: 13, trigger_script: 4635, trigger_mode: 5, state: 1 }
learned exit AreaKey { scene: 1, anchor: (1184, 1056) } event=13 -> AreaKey { scene: 3, anchor: (160, 112) }
scene 1 -> 3 at frame 141 position (1248, 1312)
target scene=3 area=(160, 112) event=51 script=4471 mode=5 state=1 player=(1408, 1424) pos=(1616, 1480) path=12
learned targeted exit AreaKey { scene: 3, anchor: (160, 112) } event=51 -> AreaKey { scene: 1, anchor: (1152, 320) }
marked destination touch VisitKey { scene: 1, area: (1152, 320), event_id: 51, trigger_script: 4471, trigger_mode: 5, state: 1 }
learned exit AreaKey { scene: 3, anchor: (160, 112) } event=51 -> AreaKey { scene: 1, anchor: (1152, 320) }
scene 3 -> 1 at frame 153 position (1040, 248)
target scene=1 area=(1152, 320) event=10 script=4520 mode=4 state=1 player=(1200, 360) pos=(1376, 272) path=11
learned targeted exit AreaKey { scene: 1, anchor: (1152, 320) } event=10 -> AreaKey { scene: 1, anchor: (640, 576) }
learned exit AreaKey { scene: 1, anchor: (1152, 320) } event=10 -> AreaKey { scene: 1, anchor: (640, 576) }
area teleport in scene 1 at frame 170: (1376, 272) -> (656, 616)
target scene=1 area=(640, 576) event=8 script=4549 mode=1 state=1 player=(656, 616) pos=(640, 608) path=0
marked destination touch VisitKey { scene: 1, area: (1344, 256), event_id: 2, trigger_script: 69, trigger_mode: 4, state: 1 }
learned exit AreaKey { scene: 1, anchor: (640, 576) } event=2 -> AreaKey { scene: 1, anchor: (1344, 256) }
area teleport in scene 1 at frame 200: (656, 616) -> (1344, 288)
target scene=1 area=(1344, 256) event=10 script=4510 mode=2 state=1 player=(1344, 288) pos=(1376, 272) path=0
retry scene 1 area (1344, 256) after an idle pass
retry scene 1 area (1344, 256) after an idle pass
retry scene 1 area (1344, 256) after an idle pass
retry scene 1 area (1344, 256) after an idle pass
retry scene 1 area (1344, 256) after an idle pass
retry scene 1 area (1344, 256) after an idle pass
retry scene 1 area (1344, 256) after an idle pass
retry scene 1 area (1344, 256) after an idle pass
retry scene 1 area (1344, 256) after an idle pass
retry scene 1 area (1344, 256) after an idle pass
retry scene 1 area (1344, 256) after an idle pass
retry scene 1 area (1344, 256) after an idle pass
retry scene 1 area (1344, 256) after an idle pass
retry scene 1 area (1344, 256) after an idle pass
retry scene 1 area (1344, 256) after an idle pass
retry scene 1 area (1344, 256) after an idle pass
retry scene 1 area (1344, 256) after an idle pass
retry scene 1 area (1344, 256) after an idle pass
retry scene 1 area (1344, 256) after an idle pass
retry scene 1 area (1344, 256) after an idle pass
retry scene 1 area (1344, 256) after an idle pass
retry scene 1 area (1344, 256) after an idle pass
retry scene 1 area (1344, 256) after an idle pass
retry scene 1 area (1344, 256) after an idle pass
retry scene 1 area (1344, 256) after an idle pass
retry scene 1 area (1344, 256) after an idle pass
retry scene 1 area (1344, 256) after an idle pass
retry scene 1 area (1344, 256) after an idle pass
retry scene 1 area (1344, 256) after an idle pass
retry scene 1 area (1344, 256) after an idle pass
retry scene 1 area (1344, 256) after an idle pass
retry scene 1 area (1344, 256) after an idle pass
retry scene 1 area (1344, 256) after an idle pass
retry scene 1 area (1344, 256) after an idle pass
retry scene 1 area (1344, 256) after an idle pass
retry scene 1 area (1344, 256) after an idle pass
retry scene 1 area (1344, 256) after an idle pass
retry scene 1 area (1344, 256) after an idle pass
retry scene 1 area (1344, 256) after an idle pass
retry scene 1 area (1344, 256) after an idle pass
retry scene 1 area (1344, 256) after an idle pass
checkpoint iterations=10000 scene=1 position=(1344, 288)
retry scene 1 area (1344, 256) after an idle pass
retry scene 1 area (1344, 256) after an idle pass
retry scene 1 area (1344, 256) after an idle pass
retry scene 1 area (1344, 256) after an idle pass
retry scene 1 area (1344, 256) after an idle pass
retry scene 1 area (1344, 256) after an idle pass
retry scene 1 area (1344, 256) after an idle pass
retry scene 1 area (1344, 256) after an idle pass
retry scene 1 area (1344, 256) after an idle pass
retry scene 1 area (1344, 256) after an idle pass
retry scene 1 area (1344, 256) after an idle pass
retry scene 1 area (1344, 256) after an idle pass
retry scene 1 area (1344, 256) after an idle pass
retry scene 1 area (1344, 256) after an idle pass
retry scene 1 area (1344, 256) after an idle pass
retry scene 1 area (1344, 256) after an idle pass
retry scene 1 area (1344, 256) after an idle pass
retry scene 1 area (1344, 256) after an idle pass
retry scene 1 area (1344, 256) after an idle pass
retry scene 1 area (1344, 256) after an idle pass
retry scene 1 area (1344, 256) after an idle pass
retry scene 1 area (1344, 256) after an idle pass
retry scene 1 area (1344, 256) after an idle pass
retry scene 1 area (1344, 256) after an idle pass
retry scene 1 area (1344, 256) after an idle pass
retry scene 1 area (1344, 256) after an idle pass
retry scene 1 area (1344, 256) after an idle pass
retry scene 1 area (1344, 256) after an idle pass
retry scene 1 area (1344, 256) after an idle pass
retry scene 1 area (1344, 256) after an idle pass
retry scene 1 area (1344, 256) after an idle pass
retry scene 1 area (1344, 256) after an idle pass
retry scene 1 area (1344, 256) after an idle pass
retry scene 1 area (1344, 256) after an idle pass
retry scene 1 area (1344, 256) after an idle pass
retry scene 1 area (1344, 256) after an idle pass
retry scene 1 area (1344, 256) after an idle pass
retry scene 1 area (1344, 256) after an idle pass
retry scene 1 area (1344, 256) after an idle pass
retry scene 1 area (1344, 256) after an idle pass
retry scene 1 area (1344, 256) after an idle pass
checkpoint iterations=20000 scene=1 position=(1344, 288)
retry scene 1 area (1344, 256) after an idle pass
retry scene 1 area (1344, 256) after an idle pass
retry scene 1 area (1344, 256) after an idle pass
retry scene 1 area (1344, 256) after an idle pass
retry scene 1 area (1344, 256) after an idle pass
retry scene 1 area (1344, 256) after an idle pass
retry scene 1 area (1344, 256) after an idle pass
retry scene 1 area (1344, 256) after an idle pass
retry scene 1 area (1344, 256) after an idle pass
retry scene 1 area (1344, 256) after an idle pass
retry scene 1 area (1344, 256) after an idle pass
retry scene 1 area (1344, 256) after an idle pass
retry scene 1 area (1344, 256) after an idle pass
retry scene 1 area (1344, 256) after an idle pass
retry scene 1 area (1344, 256) after an idle pass
retry scene 1 area (1344, 256) after an idle pass
retry scene 1 area (1344, 256) after an idle pass
retry scene 1 area (1344, 256) after an idle pass
retry scene 1 area (1344, 256) after an idle pass
retry scene 1 area (1344, 256) after an idle pass
retry scene 1 area (1344, 256) after an idle pass
retry scene 1 area (1344, 256) after an idle pass
retry scene 1 area (1344, 256) after an idle pass
retry scene 1 area (1344, 256) after an idle pass
retry scene 1 area (1344, 256) after an idle pass
retry scene 1 area (1344, 256) after an idle pass
retry scene 1 area (1344, 256) after an idle pass
retry scene 1 area (1344, 256) after an idle pass
retry scene 1 area (1344, 256) after an idle pass
retry scene 1 area (1344, 256) after an idle pass
retry scene 1 area (1344, 256) after an idle pass
retry scene 1 area (1344, 256) after an idle pass
retry scene 1 area (1344, 256) after an idle pass
retry scene 1 area (1344, 256) after an idle pass
retry scene 1 area (1344, 256) after an idle pass
retry scene 1 area (1344, 256) after an idle pass
retry scene 1 area (1344, 256) after an idle pass
retry scene 1 area (1344, 256) after an idle pass
retry scene 1 area (1344, 256) after an idle pass
retry scene 1 area (1344, 256) after an idle pass
retry scene 1 area (1344, 256) after an idle pass
retry scene 1 area (1344, 256) after an idle pass
checkpoint iterations=30000 scene=1 position=(1344, 288)
retry scene 1 area (1344, 256) after an idle pass
retry scene 1 area (1344, 256) after an idle pass
retry scene 1 area (1344, 256) after an idle pass
retry scene 1 area (1344, 256) after an idle pass
retry scene 1 area (1344, 256) after an idle pass
retry scene 1 area (1344, 256) after an idle pass
retry scene 1 area (1344, 256) after an idle pass
retry scene 1 area (1344, 256) after an idle pass
retry scene 1 area (1344, 256) after an idle pass
retry scene 1 area (1344, 256) after an idle pass
retry scene 1 area (1344, 256) after an idle pass
retry scene 1 area (1344, 256) after an idle pass
retry scene 1 area (1344, 256) after an idle pass
retry scene 1 area (1344, 256) after an idle pass
retry scene 1 area (1344, 256) after an idle pass
retry scene 1 area (1344, 256) after an idle pass
retry scene 1 area (1344, 256) after an idle pass
retry scene 1 area (1344, 256) after an idle pass
retry scene 1 area (1344, 256) after an idle pass
retry scene 1 area (1344, 256) after an idle pass
retry scene 1 area (1344, 256) after an idle pass
retry scene 1 area (1344, 256) after an idle pass
retry scene 1 area (1344, 256) after an idle pass
retry scene 1 area (1344, 256) after an idle pass
retry scene 1 area (1344, 256) after an idle pass
retry scene 1 area (1344, 256) after an idle pass
retry scene 1 area (1344, 256) after an idle pass
retry scene 1 area (1344, 256) after an idle pass
retry scene 1 area (1344, 256) after an idle pass
retry scene 1 area (1344, 256) after an idle pass
retry scene 1 area (1344, 256) after an idle pass
retry scene 1 area (1344, 256) after an idle pass
retry scene 1 area (1344, 256) after an idle pass
retry scene 1 area (1344, 256) after an idle pass
retry scene 1 area (1344, 256) after an idle pass
retry scene 1 area (1344, 256) after an idle pass
retry scene 1 area (1344, 256) after an idle pass
retry scene 1 area (1344, 256) after an idle pass
retry scene 1 area (1344, 256) after an idle pass
retry scene 1 area (1344, 256) after an idle pass
retry scene 1 area (1344, 256) after an idle pass
retry scene 1 area (1344, 256) after an idle pass
checkpoint iterations=40000 scene=1 position=(1344, 288)
retry scene 1 area (1344, 256) after an idle pass
retry scene 1 area (1344, 256) after an idle pass
retry scene 1 area (1344, 256) after an idle pass
retry scene 1 area (1344, 256) after an idle pass
retry scene 1 area (1344, 256) after an idle pass
retry scene 1 area (1344, 256) after an idle pass
retry scene 1 area (1344, 256) after an idle pass
retry scene 1 area (1344, 256) after an idle pass
retry scene 1 area (1344, 256) after an idle pass
retry scene 1 area (1344, 256) after an idle pass
retry scene 1 area (1344, 256) after an idle pass
retry scene 1 area (1344, 256) after an idle pass
retry scene 1 area (1344, 256) after an idle pass
retry scene 1 area (1344, 256) after an idle pass
retry scene 1 area (1344, 256) after an idle pass
retry scene 1 area (1344, 256) after an idle pass
retry scene 1 area (1344, 256) after an idle pass
retry scene 1 area (1344, 256) after an idle pass
retry scene 1 area (1344, 256) after an idle pass
retry scene 1 area (1344, 256) after an idle pass
retry scene 1 area (1344, 256) after an idle pass
retry scene 1 area (1344, 256) after an idle pass
retry scene 1 area (1344, 256) after an idle pass
retry scene 1 area (1344, 256) after an idle pass
retry scene 1 area (1344, 256) after an idle pass
retry scene 1 area (1344, 256) after an idle pass
retry scene 1 area (1344, 256) after an idle pass
retry scene 1 area (1344, 256) after an idle pass
retry scene 1 area (1344, 256) after an idle pass
retry scene 1 area (1344, 256) after an idle pass
retry scene 1 area (1344, 256) after an idle pass
retry scene 1 area (1344, 256) after an idle pass
retry scene 1 area (1344, 256) after an idle pass
retry scene 1 area (1344, 256) after an idle pass
retry scene 1 area (1344, 256) after an idle pass
retry scene 1 area (1344, 256) after an idle pass
retry scene 1 area (1344, 256) after an idle pass
retry scene 1 area (1344, 256) after an idle pass
retry scene 1 area (1344, 256) after an idle pass
retry scene 1 area (1344, 256) after an idle pass
retry scene 1 area (1344, 256) after an idle pass
checkpoint iterations=50000 scene=1 position=(1344, 288)
retry scene 1 area (1344, 256) after an idle pass
retry scene 1 area (1344, 256) after an idle pass
retry scene 1 area (1344, 256) after an idle pass
retry scene 1 area (1344, 256) after an idle pass
retry scene 1 area (1344, 256) after an idle pass
retry scene 1 area (1344, 256) after an idle pass
retry scene 1 area (1344, 256) after an idle pass
retry scene 1 area (1344, 256) after an idle pass
retry scene 1 area (1344, 256) after an idle pass
retry scene 1 area (1344, 256) after an idle pass
retry scene 1 area (1344, 256) after an idle pass
retry scene 1 area (1344, 256) after an idle pass
retry scene 1 area (1344, 256) after an idle pass
retry scene 1 area (1344, 256) after an idle pass
retry scene 1 area (1344, 256) after an idle pass
retry scene 1 area (1344, 256) after an idle pass
retry scene 1 area (1344, 256) after an idle pass
retry scene 1 area (1344, 256) after an idle pass
retry scene 1 area (1344, 256) after an idle pass
retry scene 1 area (1344, 256) after an idle pass
retry scene 1 area (1344, 256) after an idle pass
retry scene 1 area (1344, 256) after an idle pass
retry scene 1 area (1344, 256) after an idle pass
retry scene 1 area (1344, 256) after an idle pass
retry scene 1 area (1344, 256) after an idle pass
retry scene 1 area (1344, 256) after an idle pass
retry scene 1 area (1344, 256) after an idle pass
retry scene 1 area (1344, 256) after an idle pass
retry scene 1 area (1344, 256) after an idle pass
retry scene 1 area (1344, 256) after an idle pass
retry scene 1 area (1344, 256) after an idle pass
retry scene 1 area (1344, 256) after an idle pass
retry scene 1 area (1344, 256) after an idle pass
retry scene 1 area (1344, 256) after an idle pass
retry scene 1 area (1344, 256) after an idle pass
retry scene 1 area (1344, 256) after an idle pass
retry scene 1 area (1344, 256) after an idle pass
retry scene 1 area (1344, 256) after an idle pass
retry scene 1 area (1344, 256) after an idle pass
retry scene 1 area (1344, 256) after an idle pass
retry scene 1 area (1344, 256) after an idle pass
retry scene 1 area (1344, 256) after an idle pass
checkpoint iterations=60000 scene=1 position=(1344, 288)
retry scene 1 area (1344, 256) after an idle pass
retry scene 1 area (1344, 256) after an idle pass
retry scene 1 area (1344, 256) after an idle pass
retry scene 1 area (1344, 256) after an idle pass
retry scene 1 area (1344, 256) after an idle pass
retry scene 1 area (1344, 256) after an idle pass
retry scene 1 area (1344, 256) after an idle pass
retry scene 1 area (1344, 256) after an idle pass
retry scene 1 area (1344, 256) after an idle pass
retry scene 1 area (1344, 256) after an idle pass
retry scene 1 area (1344, 256) after an idle pass
retry scene 1 area (1344, 256) after an idle pass
retry scene 1 area (1344, 256) after an idle pass
retry scene 1 area (1344, 256) after an idle pass
retry scene 1 area (1344, 256) after an idle pass
retry scene 1 area (1344, 256) after an idle pass
retry scene 1 area (1344, 256) after an idle pass
retry scene 1 area (1344, 256) after an idle pass
retry scene 1 area (1344, 256) after an idle pass
retry scene 1 area (1344, 256) after an idle pass
retry scene 1 area (1344, 256) after an idle pass
retry scene 1 area (1344, 256) after an idle pass
retry scene 1 area (1344, 256) after an idle pass
retry scene 1 area (1344, 256) after an idle pass
retry scene 1 area (1344, 256) after an idle pass
retry scene 1 area (1344, 256) after an idle pass
retry scene 1 area (1344, 256) after an idle pass
retry scene 1 area (1344, 256) after an idle pass
retry scene 1 area (1344, 256) after an idle pass
retry scene 1 area (1344, 256) after an idle pass
retry scene 1 area (1344, 256) after an idle pass
retry scene 1 area (1344, 256) after an idle pass
retry scene 1 area (1344, 256) after an idle pass
retry scene 1 area (1344, 256) after an idle pass
retry scene 1 area (1344, 256) after an idle pass
retry scene 1 area (1344, 256) after an idle pass
retry scene 1 area (1344, 256) after an idle pass
retry scene 1 area (1344, 256) after an idle pass
retry scene 1 area (1344, 256) after an idle pass
retry scene 1 area (1344, 256) after an idle pass
retry scene 1 area (1344, 256) after an idle pass
retry scene 1 area (1344, 256) after an idle pass
checkpoint iterations=70000 scene=1 position=(1344, 288)
retry scene 1 area (1344, 256) after an idle pass
retry scene 1 area (1344, 256) after an idle pass
retry scene 1 area (1344, 256) after an idle pass
retry scene 1 area (1344, 256) after an idle pass
retry scene 1 area (1344, 256) after an idle pass
retry scene 1 area (1344, 256) after an idle pass
retry scene 1 area (1344, 256) after an idle pass
retry scene 1 area (1344, 256) after an idle pass
retry scene 1 area (1344, 256) after an idle pass
retry scene 1 area (1344, 256) after an idle pass
retry scene 1 area (1344, 256) after an idle pass
retry scene 1 area (1344, 256) after an idle pass
retry scene 1 area (1344, 256) after an idle pass
retry scene 1 area (1344, 256) after an idle pass
retry scene 1 area (1344, 256) after an idle pass
retry scene 1 area (1344, 256) after an idle pass
retry scene 1 area (1344, 256) after an idle pass
retry scene 1 area (1344, 256) after an idle pass
retry scene 1 area (1344, 256) after an idle pass
retry scene 1 area (1344, 256) after an idle pass
retry scene 1 area (1344, 256) after an idle pass
retry scene 1 area (1344, 256) after an idle pass
retry scene 1 area (1344, 256) after an idle pass
retry scene 1 area (1344, 256) after an idle pass
retry scene 1 area (1344, 256) after an idle pass
retry scene 1 area (1344, 256) after an idle pass
retry scene 1 area (1344, 256) after an idle pass
retry scene 1 area (1344, 256) after an idle pass
retry scene 1 area (1344, 256) after an idle pass
retry scene 1 area (1344, 256) after an idle pass
retry scene 1 area (1344, 256) after an idle pass
retry scene 1 area (1344, 256) after an idle pass
retry scene 1 area (1344, 256) after an idle pass
retry scene 1 area (1344, 256) after an idle pass
retry scene 1 area (1344, 256) after an idle pass
retry scene 1 area (1344, 256) after an idle pass
retry scene 1 area (1344, 256) after an idle pass
retry scene 1 area (1344, 256) after an idle pass
retry scene 1 area (1344, 256) after an idle pass
retry scene 1 area (1344, 256) after an idle pass
retry scene 1 area (1344, 256) after an idle pass
checkpoint iterations=80000 scene=1 position=(1344, 288)
retry scene 1 area (1344, 256) after an idle pass
retry scene 1 area (1344, 256) after an idle pass
retry scene 1 area (1344, 256) after an idle pass
retry scene 1 area (1344, 256) after an idle pass
retry scene 1 area (1344, 256) after an idle pass
retry scene 1 area (1344, 256) after an idle pass
retry scene 1 area (1344, 256) after an idle pass
retry scene 1 area (1344, 256) after an idle pass
retry scene 1 area (1344, 256) after an idle pass
retry scene 1 area (1344, 256) after an idle pass
retry scene 1 area (1344, 256) after an idle pass
retry scene 1 area (1344, 256) after an idle pass
retry scene 1 area (1344, 256) after an idle pass
retry scene 1 area (1344, 256) after an idle pass
retry scene 1 area (1344, 256) after an idle pass
retry scene 1 area (1344, 256) after an idle pass
retry scene 1 area (1344, 256) after an idle pass
retry scene 1 area (1344, 256) after an idle pass
retry scene 1 area (1344, 256) after an idle pass
retry scene 1 area (1344, 256) after an idle pass
retry scene 1 area (1344, 256) after an idle pass
retry scene 1 area (1344, 256) after an idle pass
retry scene 1 area (1344, 256) after an idle pass
retry scene 1 area (1344, 256) after an idle pass
retry scene 1 area (1344, 256) after an idle pass
retry scene 1 area (1344, 256) after an idle pass
retry scene 1 area (1344, 256) after an idle pass
retry scene 1 area (1344, 256) after an idle pass
retry scene 1 area (1344, 256) after an idle pass
retry scene 1 area (1344, 256) after an idle pass
retry scene 1 area (1344, 256) after an idle pass
retry scene 1 area (1344, 256) after an idle pass
retry scene 1 area (1344, 256) after an idle pass
retry scene 1 area (1344, 256) after an idle pass
retry scene 1 area (1344, 256) after an idle pass
retry scene 1 area (1344, 256) after an idle pass
retry scene 1 area (1344, 256) after an idle pass
retry scene 1 area (1344, 256) after an idle pass
retry scene 1 area (1344, 256) after an idle pass
retry scene 1 area (1344, 256) after an idle pass
retry scene 1 area (1344, 256) after an idle pass
retry scene 1 area (1344, 256) after an idle pass
checkpoint iterations=90000 scene=1 position=(1344, 288)
retry scene 1 area (1344, 256) after an idle pass
retry scene 1 area (1344, 256) after an idle pass
retry scene 1 area (1344, 256) after an idle pass
retry scene 1 area (1344, 256) after an idle pass
retry scene 1 area (1344, 256) after an idle pass
retry scene 1 area (1344, 256) after an idle pass
retry scene 1 area (1344, 256) after an idle pass
retry scene 1 area (1344, 256) after an idle pass
retry scene 1 area (1344, 256) after an idle pass
retry scene 1 area (1344, 256) after an idle pass
retry scene 1 area (1344, 256) after an idle pass
retry scene 1 area (1344, 256) after an idle pass
retry scene 1 area (1344, 256) after an idle pass
retry scene 1 area (1344, 256) after an idle pass
retry scene 1 area (1344, 256) after an idle pass
retry scene 1 area (1344, 256) after an idle pass
retry scene 1 area (1344, 256) after an idle pass
retry scene 1 area (1344, 256) after an idle pass
retry scene 1 area (1344, 256) after an idle pass
retry scene 1 area (1344, 256) after an idle pass
retry scene 1 area (1344, 256) after an idle pass
retry scene 1 area (1344, 256) after an idle pass
retry scene 1 area (1344, 256) after an idle pass
retry scene 1 area (1344, 256) after an idle pass
retry scene 1 area (1344, 256) after an idle pass
retry scene 1 area (1344, 256) after an idle pass
retry scene 1 area (1344, 256) after an idle pass
retry scene 1 area (1344, 256) after an idle pass
retry scene 1 area (1344, 256) after an idle pass
retry scene 1 area (1344, 256) after an idle pass
retry scene 1 area (1344, 256) after an idle pass
retry scene 1 area (1344, 256) after an idle pass
retry scene 1 area (1344, 256) after an idle pass
retry scene 1 area (1344, 256) after an idle pass
retry scene 1 area (1344, 256) after an idle pass
retry scene 1 area (1344, 256) after an idle pass
retry scene 1 area (1344, 256) after an idle pass
retry scene 1 area (1344, 256) after an idle pass
retry scene 1 area (1344, 256) after an idle pass
retry scene 1 area (1344, 256) after an idle pass
retry scene 1 area (1344, 256) after an idle pass
retry scene 1 area (1344, 256) after an idle pass
checkpoint iterations=100000 scene=1 position=(1344, 288)
retry scene 1 area (1344, 256) after an idle pass
retry scene 1 area (1344, 256) after an idle pass
retry scene 1 area (1344, 256) after an idle pass
retry scene 1 area (1344, 256) after an idle pass
retry scene 1 area (1344, 256) after an idle pass
retry scene 1 area (1344, 256) after an idle pass
retry scene 1 area (1344, 256) after an idle pass
retry scene 1 area (1344, 256) after an idle pass
retry scene 1 area (1344, 256) after an idle pass
retry scene 1 area (1344, 256) after an idle pass
retry scene 1 area (1344, 256) after an idle pass
retry scene 1 area (1344, 256) after an idle pass
retry scene 1 area (1344, 256) after an idle pass
retry scene 1 area (1344, 256) after an idle pass
retry scene 1 area (1344, 256) after an idle pass
retry scene 1 area (1344, 256) after an idle pass
retry scene 1 area (1344, 256) after an idle pass
retry scene 1 area (1344, 256) after an idle pass
retry scene 1 area (1344, 256) after an idle pass
retry scene 1 area (1344, 256) after an idle pass
retry scene 1 area (1344, 256) after an idle pass
retry scene 1 area (1344, 256) after an idle pass
retry scene 1 area (1344, 256) after an idle pass
retry scene 1 area (1344, 256) after an idle pass
retry scene 1 area (1344, 256) after an idle pass
retry scene 1 area (1344, 256) after an idle pass
retry scene 1 area (1344, 256) after an idle pass
retry scene 1 area (1344, 256) after an idle pass
retry scene 1 area (1344, 256) after an idle pass
retry scene 1 area (1344, 256) after an idle pass
retry scene 1 area (1344, 256) after an idle pass
retry scene 1 area (1344, 256) after an idle pass
retry scene 1 area (1344, 256) after an idle pass
retry scene 1 area (1344, 256) after an idle pass
retry scene 1 area (1344, 256) after an idle pass
retry scene 1 area (1344, 256) after an idle pass
retry scene 1 area (1344, 256) after an idle pass
retry scene 1 area (1344, 256) after an idle pass
retry scene 1 area (1344, 256) after an idle pass
retry scene 1 area (1344, 256) after an idle pass
retry scene 1 area (1344, 256) after an idle pass
checkpoint iterations=110000 scene=1 position=(1344, 288)
retry scene 1 area (1344, 256) after an idle pass
retry scene 1 area (1344, 256) after an idle pass
retry scene 1 area (1344, 256) after an idle pass
retry scene 1 area (1344, 256) after an idle pass
retry scene 1 area (1344, 256) after an idle pass
retry scene 1 area (1344, 256) after an idle pass
retry scene 1 area (1344, 256) after an idle pass
retry scene 1 area (1344, 256) after an idle pass
retry scene 1 area (1344, 256) after an idle pass
retry scene 1 area (1344, 256) after an idle pass
retry scene 1 area (1344, 256) after an idle pass
retry scene 1 area (1344, 256) after an idle pass
retry scene 1 area (1344, 256) after an idle pass
retry scene 1 area (1344, 256) after an idle pass
retry scene 1 area (1344, 256) after an idle pass
retry scene 1 area (1344, 256) after an idle pass
retry scene 1 area (1344, 256) after an idle pass
retry scene 1 area (1344, 256) after an idle pass
retry scene 1 area (1344, 256) after an idle pass
retry scene 1 area (1344, 256) after an idle pass
retry scene 1 area (1344, 256) after an idle pass
retry scene 1 area (1344, 256) after an idle pass
retry scene 1 area (1344, 256) after an idle pass
retry scene 1 area (1344, 256) after an idle pass
retry scene 1 area (1344, 256) after an idle pass
retry scene 1 area (1344, 256) after an idle pass
retry scene 1 area (1344, 256) after an idle pass
retry scene 1 area (1344, 256) after an idle pass
retry scene 1 area (1344, 256) after an idle pass
retry scene 1 area (1344, 256) after an idle pass
retry scene 1 area (1344, 256) after an idle pass
retry scene 1 area (1344, 256) after an idle pass
retry scene 1 area (1344, 256) after an idle pass
retry scene 1 area (1344, 256) after an idle pass
retry scene 1 area (1344, 256) after an idle pass
retry scene 1 area (1344, 256) after an idle pass
retry scene 1 area (1344, 256) after an idle pass
retry scene 1 area (1344, 256) after an idle pass
retry scene 1 area (1344, 256) after an idle pass
retry scene 1 area (1344, 256) after an idle pass
retry scene 1 area (1344, 256) after an idle pass
retry scene 1 area (1344, 256) after an idle pass
checkpoint iterations=120000 scene=1 position=(1344, 288)
retry scene 1 area (1344, 256) after an idle pass
retry scene 1 area (1344, 256) after an idle pass
retry scene 1 area (1344, 256) after an idle pass
retry scene 1 area (1344, 256) after an idle pass
retry scene 1 area (1344, 256) after an idle pass
retry scene 1 area (1344, 256) after an idle pass
retry scene 1 area (1344, 256) after an idle pass
retry scene 1 area (1344, 256) after an idle pass
retry scene 1 area (1344, 256) after an idle pass
retry scene 1 area (1344, 256) after an idle pass
retry scene 1 area (1344, 256) after an idle pass
retry scene 1 area (1344, 256) after an idle pass
retry scene 1 area (1344, 256) after an idle pass
retry scene 1 area (1344, 256) after an idle pass
retry scene 1 area (1344, 256) after an idle pass
retry scene 1 area (1344, 256) after an idle pass
retry scene 1 area (1344, 256) after an idle pass
retry scene 1 area (1344, 256) after an idle pass
retry scene 1 area (1344, 256) after an idle pass
retry scene 1 area (1344, 256) after an idle pass
retry scene 1 area (1344, 256) after an idle pass
retry scene 1 area (1344, 256) after an idle pass
retry scene 1 area (1344, 256) after an idle pass
retry scene 1 area (1344, 256) after an idle pass
retry scene 1 area (1344, 256) after an idle pass
retry scene 1 area (1344, 256) after an idle pass
retry scene 1 area (1344, 256) after an idle pass
retry scene 1 area (1344, 256) after an idle pass
retry scene 1 area (1344, 256) after an idle pass
retry scene 1 area (1344, 256) after an idle pass
retry scene 1 area (1344, 256) after an idle pass
retry scene 1 area (1344, 256) after an idle pass
retry scene 1 area (1344, 256) after an idle pass
retry scene 1 area (1344, 256) after an idle pass
retry scene 1 area (1344, 256) after an idle pass
retry scene 1 area (1344, 256) after an idle pass
retry scene 1 area (1344, 256) after an idle pass
retry scene 1 area (1344, 256) after an idle pass
retry scene 1 area (1344, 256) after an idle pass
retry scene 1 area (1344, 256) after an idle pass
retry scene 1 area (1344, 256) after an idle pass
retry scene 1 area (1344, 256) after an idle pass
checkpoint iterations=130000 scene=1 position=(1344, 288)
retry scene 1 area (1344, 256) after an idle pass
retry scene 1 area (1344, 256) after an idle pass
retry scene 1 area (1344, 256) after an idle pass
retry scene 1 area (1344, 256) after an idle pass
retry scene 1 area (1344, 256) after an idle pass
retry scene 1 area (1344, 256) after an idle pass
retry scene 1 area (1344, 256) after an idle pass
retry scene 1 area (1344, 256) after an idle pass
retry scene 1 area (1344, 256) after an idle pass
retry scene 1 area (1344, 256) after an idle pass
retry scene 1 area (1344, 256) after an idle pass
retry scene 1 area (1344, 256) after an idle pass
retry scene 1 area (1344, 256) after an idle pass
retry scene 1 area (1344, 256) after an idle pass
retry scene 1 area (1344, 256) after an idle pass
retry scene 1 area (1344, 256) after an idle pass
retry scene 1 area (1344, 256) after an idle pass
retry scene 1 area (1344, 256) after an idle pass
retry scene 1 area (1344, 256) after an idle pass
retry scene 1 area (1344, 256) after an idle pass
retry scene 1 area (1344, 256) after an idle pass
retry scene 1 area (1344, 256) after an idle pass
retry scene 1 area (1344, 256) after an idle pass
retry scene 1 area (1344, 256) after an idle pass
retry scene 1 area (1344, 256) after an idle pass
retry scene 1 area (1344, 256) after an idle pass
retry scene 1 area (1344, 256) after an idle pass
retry scene 1 area (1344, 256) after an idle pass
retry scene 1 area (1344, 256) after an idle pass
retry scene 1 area (1344, 256) after an idle pass
retry scene 1 area (1344, 256) after an idle pass
retry scene 1 area (1344, 256) after an idle pass
retry scene 1 area (1344, 256) after an idle pass
retry scene 1 area (1344, 256) after an idle pass
retry scene 1 area (1344, 256) after an idle pass
retry scene 1 area (1344, 256) after an idle pass
retry scene 1 area (1344, 256) after an idle pass
retry scene 1 area (1344, 256) after an idle pass
retry scene 1 area (1344, 256) after an idle pass
retry scene 1 area (1344, 256) after an idle pass
retry scene 1 area (1344, 256) after an idle pass
checkpoint iterations=140000 scene=1 position=(1344, 288)
retry scene 1 area (1344, 256) after an idle pass
retry scene 1 area (1344, 256) after an idle pass
retry scene 1 area (1344, 256) after an idle pass
retry scene 1 area (1344, 256) after an idle pass
retry scene 1 area (1344, 256) after an idle pass
retry scene 1 area (1344, 256) after an idle pass
retry scene 1 area (1344, 256) after an idle pass
retry scene 1 area (1344, 256) after an idle pass
retry scene 1 area (1344, 256) after an idle pass
retry scene 1 area (1344, 256) after an idle pass
retry scene 1 area (1344, 256) after an idle pass
retry scene 1 area (1344, 256) after an idle pass
retry scene 1 area (1344, 256) after an idle pass
retry scene 1 area (1344, 256) after an idle pass
retry scene 1 area (1344, 256) after an idle pass
retry scene 1 area (1344, 256) after an idle pass
retry scene 1 area (1344, 256) after an idle pass
retry scene 1 area (1344, 256) after an idle pass
retry scene 1 area (1344, 256) after an idle pass
retry scene 1 area (1344, 256) after an idle pass
retry scene 1 area (1344, 256) after an idle pass
retry scene 1 area (1344, 256) after an idle pass
retry scene 1 area (1344, 256) after an idle pass
retry scene 1 area (1344, 256) after an idle pass
retry scene 1 area (1344, 256) after an idle pass
retry scene 1 area (1344, 256) after an idle pass
retry scene 1 area (1344, 256) after an idle pass
retry scene 1 area (1344, 256) after an idle pass
retry scene 1 area (1344, 256) after an idle pass
retry scene 1 area (1344, 256) after an idle pass
retry scene 1 area (1344, 256) after an idle pass
retry scene 1 area (1344, 256) after an idle pass
retry scene 1 area (1344, 256) after an idle pass
retry scene 1 area (1344, 256) after an idle pass
retry scene 1 area (1344, 256) after an idle pass
retry scene 1 area (1344, 256) after an idle pass
retry scene 1 area (1344, 256) after an idle pass
retry scene 1 area (1344, 256) after an idle pass
retry scene 1 area (1344, 256) after an idle pass
retry scene 1 area (1344, 256) after an idle pass
retry scene 1 area (1344, 256) after an idle pass
retry scene 1 area (1344, 256) after an idle pass
checkpoint iterations=150000 scene=1 position=(1344, 288)
retry scene 1 area (1344, 256) after an idle pass
retry scene 1 area (1344, 256) after an idle pass
retry scene 1 area (1344, 256) after an idle pass
retry scene 1 area (1344, 256) after an idle pass
retry scene 1 area (1344, 256) after an idle pass
retry scene 1 area (1344, 256) after an idle pass
retry scene 1 area (1344, 256) after an idle pass
retry scene 1 area (1344, 256) after an idle pass
retry scene 1 area (1344, 256) after an idle pass
retry scene 1 area (1344, 256) after an idle pass
retry scene 1 area (1344, 256) after an idle pass
retry scene 1 area (1344, 256) after an idle pass
retry scene 1 area (1344, 256) after an idle pass
retry scene 1 area (1344, 256) after an idle pass
retry scene 1 area (1344, 256) after an idle pass
retry scene 1 area (1344, 256) after an idle pass
retry scene 1 area (1344, 256) after an idle pass
retry scene 1 area (1344, 256) after an idle pass
retry scene 1 area (1344, 256) after an idle pass
retry scene 1 area (1344, 256) after an idle pass
retry scene 1 area (1344, 256) after an idle pass
retry scene 1 area (1344, 256) after an idle pass
retry scene 1 area (1344, 256) after an idle pass
retry scene 1 area (1344, 256) after an idle pass
retry scene 1 area (1344, 256) after an idle pass
retry scene 1 area (1344, 256) after an idle pass
retry scene 1 area (1344, 256) after an idle pass
retry scene 1 area (1344, 256) after an idle pass
retry scene 1 area (1344, 256) after an idle pass
retry scene 1 area (1344, 256) after an idle pass
retry scene 1 area (1344, 256) after an idle pass
retry scene 1 area (1344, 256) after an idle pass
retry scene 1 area (1344, 256) after an idle pass
retry scene 1 area (1344, 256) after an idle pass
retry scene 1 area (1344, 256) after an idle pass
retry scene 1 area (1344, 256) after an idle pass
retry scene 1 area (1344, 256) after an idle pass
retry scene 1 area (1344, 256) after an idle pass
retry scene 1 area (1344, 256) after an idle pass
retry scene 1 area (1344, 256) after an idle pass
retry scene 1 area (1344, 256) after an idle pass
retry scene 1 area (1344, 256) after an idle pass
checkpoint iterations=160000 scene=1 position=(1344, 288)
retry scene 1 area (1344, 256) after an idle pass
retry scene 1 area (1344, 256) after an idle pass
retry scene 1 area (1344, 256) after an idle pass
retry scene 1 area (1344, 256) after an idle pass
retry scene 1 area (1344, 256) after an idle pass
retry scene 1 area (1344, 256) after an idle pass
retry scene 1 area (1344, 256) after an idle pass
retry scene 1 area (1344, 256) after an idle pass
retry scene 1 area (1344, 256) after an idle pass
retry scene 1 area (1344, 256) after an idle pass
retry scene 1 area (1344, 256) after an idle pass
retry scene 1 area (1344, 256) after an idle pass
retry scene 1 area (1344, 256) after an idle pass
retry scene 1 area (1344, 256) after an idle pass
retry scene 1 area (1344, 256) after an idle pass
retry scene 1 area (1344, 256) after an idle pass
retry scene 1 area (1344, 256) after an idle pass
retry scene 1 area (1344, 256) after an idle pass
retry scene 1 area (1344, 256) after an idle pass
retry scene 1 area (1344, 256) after an idle pass
retry scene 1 area (1344, 256) after an idle pass
retry scene 1 area (1344, 256) after an idle pass
retry scene 1 area (1344, 256) after an idle pass
retry scene 1 area (1344, 256) after an idle pass
retry scene 1 area (1344, 256) after an idle pass
retry scene 1 area (1344, 256) after an idle pass
retry scene 1 area (1344, 256) after an idle pass
retry scene 1 area (1344, 256) after an idle pass
retry scene 1 area (1344, 256) after an idle pass
retry scene 1 area (1344, 256) after an idle pass
retry scene 1 area (1344, 256) after an idle pass
retry scene 1 area (1344, 256) after an idle pass
retry scene 1 area (1344, 256) after an idle pass
retry scene 1 area (1344, 256) after an idle pass
retry scene 1 area (1344, 256) after an idle pass
retry scene 1 area (1344, 256) after an idle pass
retry scene 1 area (1344, 256) after an idle pass
retry scene 1 area (1344, 256) after an idle pass
retry scene 1 area (1344, 256) after an idle pass
retry scene 1 area (1344, 256) after an idle pass
retry scene 1 area (1344, 256) after an idle pass
checkpoint iterations=170000 scene=1 position=(1344, 288)
retry scene 1 area (1344, 256) after an idle pass
retry scene 1 area (1344, 256) after an idle pass
retry scene 1 area (1344, 256) after an idle pass
retry scene 1 area (1344, 256) after an idle pass
retry scene 1 area (1344, 256) after an idle pass
retry scene 1 area (1344, 256) after an idle pass
retry scene 1 area (1344, 256) after an idle pass
retry scene 1 area (1344, 256) after an idle pass
retry scene 1 area (1344, 256) after an idle pass
retry scene 1 area (1344, 256) after an idle pass
retry scene 1 area (1344, 256) after an idle pass
retry scene 1 area (1344, 256) after an idle pass
retry scene 1 area (1344, 256) after an idle pass
retry scene 1 area (1344, 256) after an idle pass
retry scene 1 area (1344, 256) after an idle pass
retry scene 1 area (1344, 256) after an idle pass
retry scene 1 area (1344, 256) after an idle pass
retry scene 1 area (1344, 256) after an idle pass
retry scene 1 area (1344, 256) after an idle pass
retry scene 1 area (1344, 256) after an idle pass
retry scene 1 area (1344, 256) after an idle pass
retry scene 1 area (1344, 256) after an idle pass
retry scene 1 area (1344, 256) after an idle pass
retry scene 1 area (1344, 256) after an idle pass
retry scene 1 area (1344, 256) after an idle pass
retry scene 1 area (1344, 256) after an idle pass
retry scene 1 area (1344, 256) after an idle pass
retry scene 1 area (1344, 256) after an idle pass
retry scene 1 area (1344, 256) after an idle pass
retry scene 1 area (1344, 256) after an idle pass
retry scene 1 area (1344, 256) after an idle pass
retry scene 1 area (1344, 256) after an idle pass
retry scene 1 area (1344, 256) after an idle pass
retry scene 1 area (1344, 256) after an idle pass
retry scene 1 area (1344, 256) after an idle pass
retry scene 1 area (1344, 256) after an idle pass
retry scene 1 area (1344, 256) after an idle pass
retry scene 1 area (1344, 256) after an idle pass
retry scene 1 area (1344, 256) after an idle pass
retry scene 1 area (1344, 256) after an idle pass
retry scene 1 area (1344, 256) after an idle pass
retry scene 1 area (1344, 256) after an idle pass
checkpoint iterations=180000 scene=1 position=(1344, 288)
retry scene 1 area (1344, 256) after an idle pass
retry scene 1 area (1344, 256) after an idle pass
retry scene 1 area (1344, 256) after an idle pass
retry scene 1 area (1344, 256) after an idle pass
retry scene 1 area (1344, 256) after an idle pass
retry scene 1 area (1344, 256) after an idle pass
retry scene 1 area (1344, 256) after an idle pass
retry scene 1 area (1344, 256) after an idle pass
retry scene 1 area (1344, 256) after an idle pass
retry scene 1 area (1344, 256) after an idle pass
retry scene 1 area (1344, 256) after an idle pass
retry scene 1 area (1344, 256) after an idle pass
retry scene 1 area (1344, 256) after an idle pass
retry scene 1 area (1344, 256) after an idle pass
retry scene 1 area (1344, 256) after an idle pass
retry scene 1 area (1344, 256) after an idle pass
retry scene 1 area (1344, 256) after an idle pass
retry scene 1 area (1344, 256) after an idle pass
retry scene 1 area (1344, 256) after an idle pass
retry scene 1 area (1344, 256) after an idle pass
retry scene 1 area (1344, 256) after an idle pass
retry scene 1 area (1344, 256) after an idle pass
retry scene 1 area (1344, 256) after an idle pass
retry scene 1 area (1344, 256) after an idle pass
retry scene 1 area (1344, 256) after an idle pass
retry scene 1 area (1344, 256) after an idle pass
retry scene 1 area (1344, 256) after an idle pass
retry scene 1 area (1344, 256) after an idle pass
retry scene 1 area (1344, 256) after an idle pass
retry scene 1 area (1344, 256) after an idle pass
retry scene 1 area (1344, 256) after an idle pass
retry scene 1 area (1344, 256) after an idle pass
retry scene 1 area (1344, 256) after an idle pass
retry scene 1 area (1344, 256) after an idle pass
retry scene 1 area (1344, 256) after an idle pass
retry scene 1 area (1344, 256) after an idle pass
retry scene 1 area (1344, 256) after an idle pass
retry scene 1 area (1344, 256) after an idle pass
retry scene 1 area (1344, 256) after an idle pass
retry scene 1 area (1344, 256) after an idle pass
retry scene 1 area (1344, 256) after an idle pass
retry scene 1 area (1344, 256) after an idle pass
checkpoint iterations=190000 scene=1 position=(1344, 288)
retry scene 1 area (1344, 256) after an idle pass
retry scene 1 area (1344, 256) after an idle pass
retry scene 1 area (1344, 256) after an idle pass
retry scene 1 area (1344, 256) after an idle pass
retry scene 1 area (1344, 256) after an idle pass
retry scene 1 area (1344, 256) after an idle pass
retry scene 1 area (1344, 256) after an idle pass
retry scene 1 area (1344, 256) after an idle pass
retry scene 1 area (1344, 256) after an idle pass
retry scene 1 area (1344, 256) after an idle pass
retry scene 1 area (1344, 256) after an idle pass
retry scene 1 area (1344, 256) after an idle pass
retry scene 1 area (1344, 256) after an idle pass
retry scene 1 area (1344, 256) after an idle pass
retry scene 1 area (1344, 256) after an idle pass
retry scene 1 area (1344, 256) after an idle pass
retry scene 1 area (1344, 256) after an idle pass
retry scene 1 area (1344, 256) after an idle pass
retry scene 1 area (1344, 256) after an idle pass
retry scene 1 area (1344, 256) after an idle pass
retry scene 1 area (1344, 256) after an idle pass
retry scene 1 area (1344, 256) after an idle pass
retry scene 1 area (1344, 256) after an idle pass
retry scene 1 area (1344, 256) after an idle pass
retry scene 1 area (1344, 256) after an idle pass
retry scene 1 area (1344, 256) after an idle pass
retry scene 1 area (1344, 256) after an idle pass
retry scene 1 area (1344, 256) after an idle pass
retry scene 1 area (1344, 256) after an idle pass
retry scene 1 area (1344, 256) after an idle pass
retry scene 1 area (1344, 256) after an idle pass
retry scene 1 area (1344, 256) after an idle pass
retry scene 1 area (1344, 256) after an idle pass
retry scene 1 area (1344, 256) after an idle pass
retry scene 1 area (1344, 256) after an idle pass
retry scene 1 area (1344, 256) after an idle pass
retry scene 1 area (1344, 256) after an idle pass
retry scene 1 area (1344, 256) after an idle pass
retry scene 1 area (1344, 256) after an idle pass
retry scene 1 area (1344, 256) after an idle pass
retry scene 1 area (1344, 256) after an idle pass
checkpoint iterations=200000 scene=1 position=(1344, 288)
retry scene 1 area (1344, 256) after an idle pass
retry scene 1 area (1344, 256) after an idle pass
retry scene 1 area (1344, 256) after an idle pass
retry scene 1 area (1344, 256) after an idle pass
retry scene 1 area (1344, 256) after an idle pass
retry scene 1 area (1344, 256) after an idle pass
retry scene 1 area (1344, 256) after an idle pass
retry scene 1 area (1344, 256) after an idle pass
retry scene 1 area (1344, 256) after an idle pass
retry scene 1 area (1344, 256) after an idle pass
retry scene 1 area (1344, 256) after an idle pass
retry scene 1 area (1344, 256) after an idle pass
retry scene 1 area (1344, 256) after an idle pass
retry scene 1 area (1344, 256) after an idle pass
retry scene 1 area (1344, 256) after an idle pass
retry scene 1 area (1344, 256) after an idle pass
retry scene 1 area (1344, 256) after an idle pass
retry scene 1 area (1344, 256) after an idle pass
retry scene 1 area (1344, 256) after an idle pass
retry scene 1 area (1344, 256) after an idle pass
retry scene 1 area (1344, 256) after an idle pass
retry scene 1 area (1344, 256) after an idle pass
retry scene 1 area (1344, 256) after an idle pass
retry scene 1 area (1344, 256) after an idle pass
retry scene 1 area (1344, 256) after an idle pass
retry scene 1 area (1344, 256) after an idle pass
retry scene 1 area (1344, 256) after an idle pass
retry scene 1 area (1344, 256) after an idle pass
retry scene 1 area (1344, 256) after an idle pass
retry scene 1 area (1344, 256) after an idle pass
retry scene 1 area (1344, 256) after an idle pass
retry scene 1 area (1344, 256) after an idle pass
retry scene 1 area (1344, 256) after an idle pass
retry scene 1 area (1344, 256) after an idle pass
retry scene 1 area (1344, 256) after an idle pass
retry scene 1 area (1344, 256) after an idle pass
retry scene 1 area (1344, 256) after an idle pass
retry scene 1 area (1344, 256) after an idle pass
retry scene 1 area (1344, 256) after an idle pass
retry scene 1 area (1344, 256) after an idle pass
retry scene 1 area (1344, 256) after an idle pass
retry scene 1 area (1344, 256) after an idle pass
checkpoint iterations=210000 scene=1 position=(1344, 288)
retry scene 1 area (1344, 256) after an idle pass
retry scene 1 area (1344, 256) after an idle pass
retry scene 1 area (1344, 256) after an idle pass
retry scene 1 area (1344, 256) after an idle pass
retry scene 1 area (1344, 256) after an idle pass
retry scene 1 area (1344, 256) after an idle pass
retry scene 1 area (1344, 256) after an idle pass
retry scene 1 area (1344, 256) after an idle pass
retry scene 1 area (1344, 256) after an idle pass
retry scene 1 area (1344, 256) after an idle pass
retry scene 1 area (1344, 256) after an idle pass
retry scene 1 area (1344, 256) after an idle pass
retry scene 1 area (1344, 256) after an idle pass
retry scene 1 area (1344, 256) after an idle pass
retry scene 1 area (1344, 256) after an idle pass
retry scene 1 area (1344, 256) after an idle pass
retry scene 1 area (1344, 256) after an idle pass
retry scene 1 area (1344, 256) after an idle pass
retry scene 1 area (1344, 256) after an idle pass
retry scene 1 area (1344, 256) after an idle pass
retry scene 1 area (1344, 256) after an idle pass
retry scene 1 area (1344, 256) after an idle pass
retry scene 1 area (1344, 256) after an idle pass
retry scene 1 area (1344, 256) after an idle pass
retry scene 1 area (1344, 256) after an idle pass
retry scene 1 area (1344, 256) after an idle pass
retry scene 1 area (1344, 256) after an idle pass
retry scene 1 area (1344, 256) after an idle pass
retry scene 1 area (1344, 256) after an idle pass
retry scene 1 area (1344, 256) after an idle pass
retry scene 1 area (1344, 256) after an idle pass
retry scene 1 area (1344, 256) after an idle pass
retry scene 1 area (1344, 256) after an idle pass
retry scene 1 area (1344, 256) after an idle pass
retry scene 1 area (1344, 256) after an idle pass
retry scene 1 area (1344, 256) after an idle pass
retry scene 1 area (1344, 256) after an idle pass
retry scene 1 area (1344, 256) after an idle pass
retry scene 1 area (1344, 256) after an idle pass
retry scene 1 area (1344, 256) after an idle pass
retry scene 1 area (1344, 256) after an idle pass
retry scene 1 area (1344, 256) after an idle pass
checkpoint iterations=220000 scene=1 position=(1344, 288)
retry scene 1 area (1344, 256) after an idle pass
retry scene 1 area (1344, 256) after an idle pass
retry scene 1 area (1344, 256) after an idle pass
retry scene 1 area (1344, 256) after an idle pass
retry scene 1 area (1344, 256) after an idle pass
retry scene 1 area (1344, 256) after an idle pass
retry scene 1 area (1344, 256) after an idle pass
retry scene 1 area (1344, 256) after an idle pass
retry scene 1 area (1344, 256) after an idle pass
retry scene 1 area (1344, 256) after an idle pass
retry scene 1 area (1344, 256) after an idle pass
retry scene 1 area (1344, 256) after an idle pass
retry scene 1 area (1344, 256) after an idle pass
retry scene 1 area (1344, 256) after an idle pass
retry scene 1 area (1344, 256) after an idle pass
retry scene 1 area (1344, 256) after an idle pass
retry scene 1 area (1344, 256) after an idle pass
retry scene 1 area (1344, 256) after an idle pass
retry scene 1 area (1344, 256) after an idle pass
retry scene 1 area (1344, 256) after an idle pass
retry scene 1 area (1344, 256) after an idle pass
retry scene 1 area (1344, 256) after an idle pass
retry scene 1 area (1344, 256) after an idle pass
retry scene 1 area (1344, 256) after an idle pass
retry scene 1 area (1344, 256) after an idle pass
retry scene 1 area (1344, 256) after an idle pass
retry scene 1 area (1344, 256) after an idle pass
retry scene 1 area (1344, 256) after an idle pass
retry scene 1 area (1344, 256) after an idle pass
retry scene 1 area (1344, 256) after an idle pass
retry scene 1 area (1344, 256) after an idle pass
retry scene 1 area (1344, 256) after an idle pass
retry scene 1 area (1344, 256) after an idle pass
retry scene 1 area (1344, 256) after an idle pass
retry scene 1 area (1344, 256) after an idle pass
retry scene 1 area (1344, 256) after an idle pass
retry scene 1 area (1344, 256) after an idle pass
retry scene 1 area (1344, 256) after an idle pass
retry scene 1 area (1344, 256) after an idle pass
retry scene 1 area (1344, 256) after an idle pass
retry scene 1 area (1344, 256) after an idle pass
checkpoint iterations=230000 scene=1 position=(1344, 288)
retry scene 1 area (1344, 256) after an idle pass
retry scene 1 area (1344, 256) after an idle pass
retry scene 1 area (1344, 256) after an idle pass
retry scene 1 area (1344, 256) after an idle pass
retry scene 1 area (1344, 256) after an idle pass
retry scene 1 area (1344, 256) after an idle pass
retry scene 1 area (1344, 256) after an idle pass
retry scene 1 area (1344, 256) after an idle pass
retry scene 1 area (1344, 256) after an idle pass
retry scene 1 area (1344, 256) after an idle pass
retry scene 1 area (1344, 256) after an idle pass
retry scene 1 area (1344, 256) after an idle pass
retry scene 1 area (1344, 256) after an idle pass
retry scene 1 area (1344, 256) after an idle pass
retry scene 1 area (1344, 256) after an idle pass
retry scene 1 area (1344, 256) after an idle pass
retry scene 1 area (1344, 256) after an idle pass
retry scene 1 area (1344, 256) after an idle pass
retry scene 1 area (1344, 256) after an idle pass
retry scene 1 area (1344, 256) after an idle pass
retry scene 1 area (1344, 256) after an idle pass
retry scene 1 area (1344, 256) after an idle pass
retry scene 1 area (1344, 256) after an idle pass
retry scene 1 area (1344, 256) after an idle pass
retry scene 1 area (1344, 256) after an idle pass
retry scene 1 area (1344, 256) after an idle pass
retry scene 1 area (1344, 256) after an idle pass
retry scene 1 area (1344, 256) after an idle pass
retry scene 1 area (1344, 256) after an idle pass
retry scene 1 area (1344, 256) after an idle pass
retry scene 1 area (1344, 256) after an idle pass
retry scene 1 area (1344, 256) after an idle pass
retry scene 1 area (1344, 256) after an idle pass
retry scene 1 area (1344, 256) after an idle pass
retry scene 1 area (1344, 256) after an idle pass
retry scene 1 area (1344, 256) after an idle pass
retry scene 1 area (1344, 256) after an idle pass
retry scene 1 area (1344, 256) after an idle pass
retry scene 1 area (1344, 256) after an idle pass
retry scene 1 area (1344, 256) after an idle pass
retry scene 1 area (1344, 256) after an idle pass
retry scene 1 area (1344, 256) after an idle pass
checkpoint iterations=240000 scene=1 position=(1344, 288)
retry scene 1 area (1344, 256) after an idle pass
retry scene 1 area (1344, 256) after an idle pass
retry scene 1 area (1344, 256) after an idle pass
retry scene 1 area (1344, 256) after an idle pass
retry scene 1 area (1344, 256) after an idle pass
retry scene 1 area (1344, 256) after an idle pass
retry scene 1 area (1344, 256) after an idle pass
retry scene 1 area (1344, 256) after an idle pass
retry scene 1 area (1344, 256) after an idle pass
retry scene 1 area (1344, 256) after an idle pass
retry scene 1 area (1344, 256) after an idle pass
retry scene 1 area (1344, 256) after an idle pass
retry scene 1 area (1344, 256) after an idle pass
retry scene 1 area (1344, 256) after an idle pass
retry scene 1 area (1344, 256) after an idle pass
retry scene 1 area (1344, 256) after an idle pass
retry scene 1 area (1344, 256) after an idle pass
retry scene 1 area (1344, 256) after an idle pass
retry scene 1 area (1344, 256) after an idle pass
retry scene 1 area (1344, 256) after an idle pass
retry scene 1 area (1344, 256) after an idle pass
retry scene 1 area (1344, 256) after an idle pass
retry scene 1 area (1344, 256) after an idle pass
retry scene 1 area (1344, 256) after an idle pass
retry scene 1 area (1344, 256) after an idle pass
retry scene 1 area (1344, 256) after an idle pass
retry scene 1 area (1344, 256) after an idle pass
retry scene 1 area (1344, 256) after an idle pass
retry scene 1 area (1344, 256) after an idle pass
retry scene 1 area (1344, 256) after an idle pass
retry scene 1 area (1344, 256) after an idle pass
retry scene 1 area (1344, 256) after an idle pass
retry scene 1 area (1344, 256) after an idle pass
retry scene 1 area (1344, 256) after an idle pass
retry scene 1 area (1344, 256) after an idle pass
retry scene 1 area (1344, 256) after an idle pass
retry scene 1 area (1344, 256) after an idle pass
retry scene 1 area (1344, 256) after an idle pass
retry scene 1 area (1344, 256) after an idle pass
retry scene 1 area (1344, 256) after an idle pass
retry scene 1 area (1344, 256) after an idle pass
retry scene 1 area (1344, 256) after an idle pass
checkpoint iterations=250000 scene=1 position=(1344, 288)
retry scene 1 area (1344, 256) after an idle pass
retry scene 1 area (1344, 256) after an idle pass
retry scene 1 area (1344, 256) after an idle pass
retry scene 1 area (1344, 256) after an idle pass
retry scene 1 area (1344, 256) after an idle pass
retry scene 1 area (1344, 256) after an idle pass
retry scene 1 area (1344, 256) after an idle pass
retry scene 1 area (1344, 256) after an idle pass
retry scene 1 area (1344, 256) after an idle pass
retry scene 1 area (1344, 256) after an idle pass
retry scene 1 area (1344, 256) after an idle pass
retry scene 1 area (1344, 256) after an idle pass
retry scene 1 area (1344, 256) after an idle pass
retry scene 1 area (1344, 256) after an idle pass
retry scene 1 area (1344, 256) after an idle pass
retry scene 1 area (1344, 256) after an idle pass
retry scene 1 area (1344, 256) after an idle pass
retry scene 1 area (1344, 256) after an idle pass
retry scene 1 area (1344, 256) after an idle pass
retry scene 1 area (1344, 256) after an idle pass
retry scene 1 area (1344, 256) after an idle pass
retry scene 1 area (1344, 256) after an idle pass
retry scene 1 area (1344, 256) after an idle pass
retry scene 1 area (1344, 256) after an idle pass
retry scene 1 area (1344, 256) after an idle pass
retry scene 1 area (1344, 256) after an idle pass
retry scene 1 area (1344, 256) after an idle pass
retry scene 1 area (1344, 256) after an idle pass
retry scene 1 area (1344, 256) after an idle pass
retry scene 1 area (1344, 256) after an idle pass
retry scene 1 area (1344, 256) after an idle pass
retry scene 1 area (1344, 256) after an idle pass
retry scene 1 area (1344, 256) after an idle pass
retry scene 1 area (1344, 256) after an idle pass
retry scene 1 area (1344, 256) after an idle pass
retry scene 1 area (1344, 256) after an idle pass
retry scene 1 area (1344, 256) after an idle pass
retry scene 1 area (1344, 256) after an idle pass
retry scene 1 area (1344, 256) after an idle pass
retry scene 1 area (1344, 256) after an idle pass
retry scene 1 area (1344, 256) after an idle pass
checkpoint iterations=260000 scene=1 position=(1344, 288)
retry scene 1 area (1344, 256) after an idle pass
retry scene 1 area (1344, 256) after an idle pass
retry scene 1 area (1344, 256) after an idle pass
retry scene 1 area (1344, 256) after an idle pass
retry scene 1 area (1344, 256) after an idle pass
retry scene 1 area (1344, 256) after an idle pass
retry scene 1 area (1344, 256) after an idle pass
retry scene 1 area (1344, 256) after an idle pass
retry scene 1 area (1344, 256) after an idle pass
retry scene 1 area (1344, 256) after an idle pass
retry scene 1 area (1344, 256) after an idle pass
retry scene 1 area (1344, 256) after an idle pass
retry scene 1 area (1344, 256) after an idle pass
retry scene 1 area (1344, 256) after an idle pass
retry scene 1 area (1344, 256) after an idle pass
retry scene 1 area (1344, 256) after an idle pass
retry scene 1 area (1344, 256) after an idle pass
retry scene 1 area (1344, 256) after an idle pass
retry scene 1 area (1344, 256) after an idle pass
retry scene 1 area (1344, 256) after an idle pass
retry scene 1 area (1344, 256) after an idle pass
retry scene 1 area (1344, 256) after an idle pass
retry scene 1 area (1344, 256) after an idle pass
retry scene 1 area (1344, 256) after an idle pass
retry scene 1 area (1344, 256) after an idle pass
retry scene 1 area (1344, 256) after an idle pass
retry scene 1 area (1344, 256) after an idle pass
retry scene 1 area (1344, 256) after an idle pass
retry scene 1 area (1344, 256) after an idle pass
retry scene 1 area (1344, 256) after an idle pass
retry scene 1 area (1344, 256) after an idle pass
retry scene 1 area (1344, 256) after an idle pass
retry scene 1 area (1344, 256) after an idle pass
retry scene 1 area (1344, 256) after an idle pass
retry scene 1 area (1344, 256) after an idle pass
retry scene 1 area (1344, 256) after an idle pass
retry scene 1 area (1344, 256) after an idle pass
retry scene 1 area (1344, 256) after an idle pass
retry scene 1 area (1344, 256) after an idle pass
retry scene 1 area (1344, 256) after an idle pass
retry scene 1 area (1344, 256) after an idle pass
retry scene 1 area (1344, 256) after an idle pass
checkpoint iterations=270000 scene=1 position=(1344, 288)
retry scene 1 area (1344, 256) after an idle pass
retry scene 1 area (1344, 256) after an idle pass
retry scene 1 area (1344, 256) after an idle pass
retry scene 1 area (1344, 256) after an idle pass
retry scene 1 area (1344, 256) after an idle pass
retry scene 1 area (1344, 256) after an idle pass
retry scene 1 area (1344, 256) after an idle pass
retry scene 1 area (1344, 256) after an idle pass
retry scene 1 area (1344, 256) after an idle pass
retry scene 1 area (1344, 256) after an idle pass
retry scene 1 area (1344, 256) after an idle pass
retry scene 1 area (1344, 256) after an idle pass
retry scene 1 area (1344, 256) after an idle pass
retry scene 1 area (1344, 256) after an idle pass
retry scene 1 area (1344, 256) after an idle pass
retry scene 1 area (1344, 256) after an idle pass
retry scene 1 area (1344, 256) after an idle pass
retry scene 1 area (1344, 256) after an idle pass
retry scene 1 area (1344, 256) after an idle pass
retry scene 1 area (1344, 256) after an idle pass
retry scene 1 area (1344, 256) after an idle pass
retry scene 1 area (1344, 256) after an idle pass
retry scene 1 area (1344, 256) after an idle pass
retry scene 1 area (1344, 256) after an idle pass
retry scene 1 area (1344, 256) after an idle pass
retry scene 1 area (1344, 256) after an idle pass
retry scene 1 area (1344, 256) after an idle pass
retry scene 1 area (1344, 256) after an idle pass
retry scene 1 area (1344, 256) after an idle pass
retry scene 1 area (1344, 256) after an idle pass
retry scene 1 area (1344, 256) after an idle pass
retry scene 1 area (1344, 256) after an idle pass
retry scene 1 area (1344, 256) after an idle pass
retry scene 1 area (1344, 256) after an idle pass
retry scene 1 area (1344, 256) after an idle pass
retry scene 1 area (1344, 256) after an idle pass
retry scene 1 area (1344, 256) after an idle pass
retry scene 1 area (1344, 256) after an idle pass
retry scene 1 area (1344, 256) after an idle pass
retry scene 1 area (1344, 256) after an idle pass
retry scene 1 area (1344, 256) after an idle pass
retry scene 1 area (1344, 256) after an idle pass
checkpoint iterations=280000 scene=1 position=(1344, 288)
retry scene 1 area (1344, 256) after an idle pass
retry scene 1 area (1344, 256) after an idle pass
retry scene 1 area (1344, 256) after an idle pass
retry scene 1 area (1344, 256) after an idle pass
retry scene 1 area (1344, 256) after an idle pass
retry scene 1 area (1344, 256) after an idle pass
retry scene 1 area (1344, 256) after an idle pass
retry scene 1 area (1344, 256) after an idle pass
retry scene 1 area (1344, 256) after an idle pass
retry scene 1 area (1344, 256) after an idle pass
retry scene 1 area (1344, 256) after an idle pass
retry scene 1 area (1344, 256) after an idle pass
retry scene 1 area (1344, 256) after an idle pass
retry scene 1 area (1344, 256) after an idle pass
retry scene 1 area (1344, 256) after an idle pass
retry scene 1 area (1344, 256) after an idle pass
retry scene 1 area (1344, 256) after an idle pass
retry scene 1 area (1344, 256) after an idle pass
retry scene 1 area (1344, 256) after an idle pass
retry scene 1 area (1344, 256) after an idle pass
retry scene 1 area (1344, 256) after an idle pass
retry scene 1 area (1344, 256) after an idle pass
retry scene 1 area (1344, 256) after an idle pass
retry scene 1 area (1344, 256) after an idle pass
retry scene 1 area (1344, 256) after an idle pass
retry scene 1 area (1344, 256) after an idle pass
retry scene 1 area (1344, 256) after an idle pass
retry scene 1 area (1344, 256) after an idle pass
retry scene 1 area (1344, 256) after an idle pass
retry scene 1 area (1344, 256) after an idle pass
retry scene 1 area (1344, 256) after an idle pass
retry scene 1 area (1344, 256) after an idle pass
retry scene 1 area (1344, 256) after an idle pass
retry scene 1 area (1344, 256) after an idle pass
retry scene 1 area (1344, 256) after an idle pass
retry scene 1 area (1344, 256) after an idle pass
retry scene 1 area (1344, 256) after an idle pass
retry scene 1 area (1344, 256) after an idle pass
retry scene 1 area (1344, 256) after an idle pass
retry scene 1 area (1344, 256) after an idle pass
retry scene 1 area (1344, 256) after an idle pass
checkpoint iterations=290000 scene=1 position=(1344, 288)
retry scene 1 area (1344, 256) after an idle pass
retry scene 1 area (1344, 256) after an idle pass
retry scene 1 area (1344, 256) after an idle pass
retry scene 1 area (1344, 256) after an idle pass
retry scene 1 area (1344, 256) after an idle pass
retry scene 1 area (1344, 256) after an idle pass
retry scene 1 area (1344, 256) after an idle pass
retry scene 1 area (1344, 256) after an idle pass
retry scene 1 area (1344, 256) after an idle pass
retry scene 1 area (1344, 256) after an idle pass
retry scene 1 area (1344, 256) after an idle pass
retry scene 1 area (1344, 256) after an idle pass
retry scene 1 area (1344, 256) after an idle pass
retry scene 1 area (1344, 256) after an idle pass
retry scene 1 area (1344, 256) after an idle pass
retry scene 1 area (1344, 256) after an idle pass
retry scene 1 area (1344, 256) after an idle pass
retry scene 1 area (1344, 256) after an idle pass
retry scene 1 area (1344, 256) after an idle pass
retry scene 1 area (1344, 256) after an idle pass
retry scene 1 area (1344, 256) after an idle pass
retry scene 1 area (1344, 256) after an idle pass
retry scene 1 area (1344, 256) after an idle pass
retry scene 1 area (1344, 256) after an idle pass
retry scene 1 area (1344, 256) after an idle pass
retry scene 1 area (1344, 256) after an idle pass
retry scene 1 area (1344, 256) after an idle pass
retry scene 1 area (1344, 256) after an idle pass
retry scene 1 area (1344, 256) after an idle pass
retry scene 1 area (1344, 256) after an idle pass
retry scene 1 area (1344, 256) after an idle pass
retry scene 1 area (1344, 256) after an idle pass
retry scene 1 area (1344, 256) after an idle pass
retry scene 1 area (1344, 256) after an idle pass
retry scene 1 area (1344, 256) after an idle pass
retry scene 1 area (1344, 256) after an idle pass
retry scene 1 area (1344, 256) after an idle pass
retry scene 1 area (1344, 256) after an idle pass
retry scene 1 area (1344, 256) after an idle pass
retry scene 1 area (1344, 256) after an idle pass
retry scene 1 area (1344, 256) after an idle pass
retry scene 1 area (1344, 256) after an idle pass
checkpoint iterations=300000 scene=1 position=(1344, 288)
retry scene 1 area (1344, 256) after an idle pass
retry scene 1 area (1344, 256) after an idle pass
retry scene 1 area (1344, 256) after an idle pass
retry scene 1 area (1344, 256) after an idle pass
retry scene 1 area (1344, 256) after an idle pass
retry scene 1 area (1344, 256) after an idle pass
retry scene 1 area (1344, 256) after an idle pass
retry scene 1 area (1344, 256) after an idle pass
retry scene 1 area (1344, 256) after an idle pass
retry scene 1 area (1344, 256) after an idle pass
retry scene 1 area (1344, 256) after an idle pass
retry scene 1 area (1344, 256) after an idle pass
retry scene 1 area (1344, 256) after an idle pass
retry scene 1 area (1344, 256) after an idle pass
retry scene 1 area (1344, 256) after an idle pass
retry scene 1 area (1344, 256) after an idle pass
retry scene 1 area (1344, 256) after an idle pass
retry scene 1 area (1344, 256) after an idle pass
retry scene 1 area (1344, 256) after an idle pass
retry scene 1 area (1344, 256) after an idle pass
retry scene 1 area (1344, 256) after an idle pass
retry scene 1 area (1344, 256) after an idle pass
retry scene 1 area (1344, 256) after an idle pass
retry scene 1 area (1344, 256) after an idle pass
retry scene 1 area (1344, 256) after an idle pass
retry scene 1 area (1344, 256) after an idle pass
retry scene 1 area (1344, 256) after an idle pass
retry scene 1 area (1344, 256) after an idle pass
retry scene 1 area (1344, 256) after an idle pass
retry scene 1 area (1344, 256) after an idle pass
retry scene 1 area (1344, 256) after an idle pass
retry scene 1 area (1344, 256) after an idle pass
retry scene 1 area (1344, 256) after an idle pass
retry scene 1 area (1344, 256) after an idle pass
retry scene 1 area (1344, 256) after an idle pass
retry scene 1 area (1344, 256) after an idle pass
retry scene 1 area (1344, 256) after an idle pass
retry scene 1 area (1344, 256) after an idle pass
retry scene 1 area (1344, 256) after an idle pass
retry scene 1 area (1344, 256) after an idle pass
retry scene 1 area (1344, 256) after an idle pass
retry scene 1 area (1344, 256) after an idle pass
checkpoint iterations=310000 scene=1 position=(1344, 288)
retry scene 1 area (1344, 256) after an idle pass
retry scene 1 area (1344, 256) after an idle pass
retry scene 1 area (1344, 256) after an idle pass
retry scene 1 area (1344, 256) after an idle pass
retry scene 1 area (1344, 256) after an idle pass
retry scene 1 area (1344, 256) after an idle pass
retry scene 1 area (1344, 256) after an idle pass
retry scene 1 area (1344, 256) after an idle pass
retry scene 1 area (1344, 256) after an idle pass
retry scene 1 area (1344, 256) after an idle pass
retry scene 1 area (1344, 256) after an idle pass
retry scene 1 area (1344, 256) after an idle pass
retry scene 1 area (1344, 256) after an idle pass
retry scene 1 area (1344, 256) after an idle pass
retry scene 1 area (1344, 256) after an idle pass
retry scene 1 area (1344, 256) after an idle pass
retry scene 1 area (1344, 256) after an idle pass
retry scene 1 area (1344, 256) after an idle pass
retry scene 1 area (1344, 256) after an idle pass
retry scene 1 area (1344, 256) after an idle pass
retry scene 1 area (1344, 256) after an idle pass
retry scene 1 area (1344, 256) after an idle pass
retry scene 1 area (1344, 256) after an idle pass
retry scene 1 area (1344, 256) after an idle pass
retry scene 1 area (1344, 256) after an idle pass
retry scene 1 area (1344, 256) after an idle pass
retry scene 1 area (1344, 256) after an idle pass
retry scene 1 area (1344, 256) after an idle pass
retry scene 1 area (1344, 256) after an idle pass
retry scene 1 area (1344, 256) after an idle pass
retry scene 1 area (1344, 256) after an idle pass
retry scene 1 area (1344, 256) after an idle pass
retry scene 1 area (1344, 256) after an idle pass
retry scene 1 area (1344, 256) after an idle pass
retry scene 1 area (1344, 256) after an idle pass
retry scene 1 area (1344, 256) after an idle pass
retry scene 1 area (1344, 256) after an idle pass
retry scene 1 area (1344, 256) after an idle pass
retry scene 1 area (1344, 256) after an idle pass
retry scene 1 area (1344, 256) after an idle pass
retry scene 1 area (1344, 256) after an idle pass
checkpoint iterations=320000 scene=1 position=(1344, 288)
retry scene 1 area (1344, 256) after an idle pass
retry scene 1 area (1344, 256) after an idle pass
retry scene 1 area (1344, 256) after an idle pass
retry scene 1 area (1344, 256) after an idle pass
retry scene 1 area (1344, 256) after an idle pass
retry scene 1 area (1344, 256) after an idle pass
retry scene 1 area (1344, 256) after an idle pass
retry scene 1 area (1344, 256) after an idle pass
retry scene 1 area (1344, 256) after an idle pass
retry scene 1 area (1344, 256) after an idle pass
retry scene 1 area (1344, 256) after an idle pass
retry scene 1 area (1344, 256) after an idle pass
retry scene 1 area (1344, 256) after an idle pass
retry scene 1 area (1344, 256) after an idle pass
retry scene 1 area (1344, 256) after an idle pass
retry scene 1 area (1344, 256) after an idle pass
retry scene 1 area (1344, 256) after an idle pass
retry scene 1 area (1344, 256) after an idle pass
retry scene 1 area (1344, 256) after an idle pass
retry scene 1 area (1344, 256) after an idle pass
retry scene 1 area (1344, 256) after an idle pass
retry scene 1 area (1344, 256) after an idle pass
retry scene 1 area (1344, 256) after an idle pass
retry scene 1 area (1344, 256) after an idle pass
retry scene 1 area (1344, 256) after an idle pass
retry scene 1 area (1344, 256) after an idle pass
retry scene 1 area (1344, 256) after an idle pass
retry scene 1 area (1344, 256) after an idle pass
retry scene 1 area (1344, 256) after an idle pass
retry scene 1 area (1344, 256) after an idle pass
retry scene 1 area (1344, 256) after an idle pass
retry scene 1 area (1344, 256) after an idle pass
retry scene 1 area (1344, 256) after an idle pass
retry scene 1 area (1344, 256) after an idle pass
retry scene 1 area (1344, 256) after an idle pass
retry scene 1 area (1344, 256) after an idle pass
retry scene 1 area (1344, 256) after an idle pass
retry scene 1 area (1344, 256) after an idle pass
retry scene 1 area (1344, 256) after an idle pass
retry scene 1 area (1344, 256) after an idle pass
retry scene 1 area (1344, 256) after an idle pass
retry scene 1 area (1344, 256) after an idle pass
checkpoint iterations=330000 scene=1 position=(1344, 288)
retry scene 1 area (1344, 256) after an idle pass
retry scene 1 area (1344, 256) after an idle pass
retry scene 1 area (1344, 256) after an idle pass
retry scene 1 area (1344, 256) after an idle pass
retry scene 1 area (1344, 256) after an idle pass
retry scene 1 area (1344, 256) after an idle pass
retry scene 1 area (1344, 256) after an idle pass
retry scene 1 area (1344, 256) after an idle pass
retry scene 1 area (1344, 256) after an idle pass
retry scene 1 area (1344, 256) after an idle pass
retry scene 1 area (1344, 256) after an idle pass
retry scene 1 area (1344, 256) after an idle pass
retry scene 1 area (1344, 256) after an idle pass
retry scene 1 area (1344, 256) after an idle pass
retry scene 1 area (1344, 256) after an idle pass
retry scene 1 area (1344, 256) after an idle pass
retry scene 1 area (1344, 256) after an idle pass
retry scene 1 area (1344, 256) after an idle pass
retry scene 1 area (1344, 256) after an idle pass
retry scene 1 area (1344, 256) after an idle pass
retry scene 1 area (1344, 256) after an idle pass
retry scene 1 area (1344, 256) after an idle pass
retry scene 1 area (1344, 256) after an idle pass
retry scene 1 area (1344, 256) after an idle pass
retry scene 1 area (1344, 256) after an idle pass
retry scene 1 area (1344, 256) after an idle pass
retry scene 1 area (1344, 256) after an idle pass
retry scene 1 area (1344, 256) after an idle pass
retry scene 1 area (1344, 256) after an idle pass
retry scene 1 area (1344, 256) after an idle pass
retry scene 1 area (1344, 256) after an idle pass
retry scene 1 area (1344, 256) after an idle pass
retry scene 1 area (1344, 256) after an idle pass
retry scene 1 area (1344, 256) after an idle pass
retry scene 1 area (1344, 256) after an idle pass
retry scene 1 area (1344, 256) after an idle pass
retry scene 1 area (1344, 256) after an idle pass
retry scene 1 area (1344, 256) after an idle pass
retry scene 1 area (1344, 256) after an idle pass
retry scene 1 area (1344, 256) after an idle pass
retry scene 1 area (1344, 256) after an idle pass
retry scene 1 area (1344, 256) after an idle pass
checkpoint iterations=340000 scene=1 position=(1344, 288)
retry scene 1 area (1344, 256) after an idle pass
retry scene 1 area (1344, 256) after an idle pass
retry scene 1 area (1344, 256) after an idle pass
retry scene 1 area (1344, 256) after an idle pass
retry scene 1 area (1344, 256) after an idle pass
retry scene 1 area (1344, 256) after an idle pass
retry scene 1 area (1344, 256) after an idle pass
retry scene 1 area (1344, 256) after an idle pass
retry scene 1 area (1344, 256) after an idle pass
retry scene 1 area (1344, 256) after an idle pass
retry scene 1 area (1344, 256) after an idle pass
retry scene 1 area (1344, 256) after an idle pass
retry scene 1 area (1344, 256) after an idle pass
retry scene 1 area (1344, 256) after an idle pass
retry scene 1 area (1344, 256) after an idle pass
retry scene 1 area (1344, 256) after an idle pass
retry scene 1 area (1344, 256) after an idle pass
retry scene 1 area (1344, 256) after an idle pass
retry scene 1 area (1344, 256) after an idle pass
retry scene 1 area (1344, 256) after an idle pass
retry scene 1 area (1344, 256) after an idle pass
retry scene 1 area (1344, 256) after an idle pass
retry scene 1 area (1344, 256) after an idle pass
retry scene 1 area (1344, 256) after an idle pass
retry scene 1 area (1344, 256) after an idle pass
retry scene 1 area (1344, 256) after an idle pass
retry scene 1 area (1344, 256) after an idle pass
retry scene 1 area (1344, 256) after an idle pass
retry scene 1 area (1344, 256) after an idle pass
retry scene 1 area (1344, 256) after an idle pass
retry scene 1 area (1344, 256) after an idle pass
retry scene 1 area (1344, 256) after an idle pass
retry scene 1 area (1344, 256) after an idle pass
retry scene 1 area (1344, 256) after an idle pass
retry scene 1 area (1344, 256) after an idle pass
retry scene 1 area (1344, 256) after an idle pass
retry scene 1 area (1344, 256) after an idle pass
retry scene 1 area (1344, 256) after an idle pass
retry scene 1 area (1344, 256) after an idle pass
retry scene 1 area (1344, 256) after an idle pass
retry scene 1 area (1344, 256) after an idle pass
checkpoint iterations=350000 scene=1 position=(1344, 288)
retry scene 1 area (1344, 256) after an idle pass
retry scene 1 area (1344, 256) after an idle pass
retry scene 1 area (1344, 256) after an idle pass
retry scene 1 area (1344, 256) after an idle pass
retry scene 1 area (1344, 256) after an idle pass
retry scene 1 area (1344, 256) after an idle pass
retry scene 1 area (1344, 256) after an idle pass
retry scene 1 area (1344, 256) after an idle pass
retry scene 1 area (1344, 256) after an idle pass
retry scene 1 area (1344, 256) after an idle pass
retry scene 1 area (1344, 256) after an idle pass
retry scene 1 area (1344, 256) after an idle pass
retry scene 1 area (1344, 256) after an idle pass
retry scene 1 area (1344, 256) after an idle pass
retry scene 1 area (1344, 256) after an idle pass
retry scene 1 area (1344, 256) after an idle pass
retry scene 1 area (1344, 256) after an idle pass
retry scene 1 area (1344, 256) after an idle pass
retry scene 1 area (1344, 256) after an idle pass
retry scene 1 area (1344, 256) after an idle pass
retry scene 1 area (1344, 256) after an idle pass
retry scene 1 area (1344, 256) after an idle pass
retry scene 1 area (1344, 256) after an idle pass
retry scene 1 area (1344, 256) after an idle pass
retry scene 1 area (1344, 256) after an idle pass
retry scene 1 area (1344, 256) after an idle pass
retry scene 1 area (1344, 256) after an idle pass
retry scene 1 area (1344, 256) after an idle pass
retry scene 1 area (1344, 256) after an idle pass
retry scene 1 area (1344, 256) after an idle pass
retry scene 1 area (1344, 256) after an idle pass
retry scene 1 area (1344, 256) after an idle pass
retry scene 1 area (1344, 256) after an idle pass
retry scene 1 area (1344, 256) after an idle pass
retry scene 1 area (1344, 256) after an idle pass
retry scene 1 area (1344, 256) after an idle pass
retry scene 1 area (1344, 256) after an idle pass
retry scene 1 area (1344, 256) after an idle pass
retry scene 1 area (1344, 256) after an idle pass
retry scene 1 area (1344, 256) after an idle pass
retry scene 1 area (1344, 256) after an idle pass
retry scene 1 area (1344, 256) after an idle pass
checkpoint iterations=360000 scene=1 position=(1344, 288)
retry scene 1 area (1344, 256) after an idle pass
retry scene 1 area (1344, 256) after an idle pass
retry scene 1 area (1344, 256) after an idle pass
retry scene 1 area (1344, 256) after an idle pass
retry scene 1 area (1344, 256) after an idle pass
retry scene 1 area (1344, 256) after an idle pass
retry scene 1 area (1344, 256) after an idle pass
retry scene 1 area (1344, 256) after an idle pass
retry scene 1 area (1344, 256) after an idle pass
retry scene 1 area (1344, 256) after an idle pass
retry scene 1 area (1344, 256) after an idle pass
retry scene 1 area (1344, 256) after an idle pass
retry scene 1 area (1344, 256) after an idle pass
retry scene 1 area (1344, 256) after an idle pass
retry scene 1 area (1344, 256) after an idle pass
retry scene 1 area (1344, 256) after an idle pass
retry scene 1 area (1344, 256) after an idle pass
retry scene 1 area (1344, 256) after an idle pass
retry scene 1 area (1344, 256) after an idle pass
retry scene 1 area (1344, 256) after an idle pass
retry scene 1 area (1344, 256) after an idle pass
retry scene 1 area (1344, 256) after an idle pass
retry scene 1 area (1344, 256) after an idle pass
retry scene 1 area (1344, 256) after an idle pass
retry scene 1 area (1344, 256) after an idle pass
retry scene 1 area (1344, 256) after an idle pass
retry scene 1 area (1344, 256) after an idle pass
retry scene 1 area (1344, 256) after an idle pass
retry scene 1 area (1344, 256) after an idle pass
retry scene 1 area (1344, 256) after an idle pass
retry scene 1 area (1344, 256) after an idle pass
retry scene 1 area (1344, 256) after an idle pass
retry scene 1 area (1344, 256) after an idle pass
retry scene 1 area (1344, 256) after an idle pass
retry scene 1 area (1344, 256) after an idle pass
retry scene 1 area (1344, 256) after an idle pass
retry scene 1 area (1344, 256) after an idle pass
retry scene 1 area (1344, 256) after an idle pass
retry scene 1 area (1344, 256) after an idle pass
retry scene 1 area (1344, 256) after an idle pass
retry scene 1 area (1344, 256) after an idle pass
retry scene 1 area (1344, 256) after an idle pass
checkpoint iterations=370000 scene=1 position=(1344, 288)
retry scene 1 area (1344, 256) after an idle pass
retry scene 1 area (1344, 256) after an idle pass
retry scene 1 area (1344, 256) after an idle pass
retry scene 1 area (1344, 256) after an idle pass
retry scene 1 area (1344, 256) after an idle pass
retry scene 1 area (1344, 256) after an idle pass
retry scene 1 area (1344, 256) after an idle pass
retry scene 1 area (1344, 256) after an idle pass
retry scene 1 area (1344, 256) after an idle pass
retry scene 1 area (1344, 256) after an idle pass
retry scene 1 area (1344, 256) after an idle pass
retry scene 1 area (1344, 256) after an idle pass
retry scene 1 area (1344, 256) after an idle pass
retry scene 1 area (1344, 256) after an idle pass
retry scene 1 area (1344, 256) after an idle pass
retry scene 1 area (1344, 256) after an idle pass
retry scene 1 area (1344, 256) after an idle pass
retry scene 1 area (1344, 256) after an idle pass
retry scene 1 area (1344, 256) after an idle pass
retry scene 1 area (1344, 256) after an idle pass
retry scene 1 area (1344, 256) after an idle pass
retry scene 1 area (1344, 256) after an idle pass
retry scene 1 area (1344, 256) after an idle pass
retry scene 1 area (1344, 256) after an idle pass
retry scene 1 area (1344, 256) after an idle pass
retry scene 1 area (1344, 256) after an idle pass
retry scene 1 area (1344, 256) after an idle pass
retry scene 1 area (1344, 256) after an idle pass
retry scene 1 area (1344, 256) after an idle pass
retry scene 1 area (1344, 256) after an idle pass
retry scene 1 area (1344, 256) after an idle pass
retry scene 1 area (1344, 256) after an idle pass
retry scene 1 area (1344, 256) after an idle pass
retry scene 1 area (1344, 256) after an idle pass
retry scene 1 area (1344, 256) after an idle pass
retry scene 1 area (1344, 256) after an idle pass
retry scene 1 area (1344, 256) after an idle pass
retry scene 1 area (1344, 256) after an idle pass
retry scene 1 area (1344, 256) after an idle pass
retry scene 1 area (1344, 256) after an idle pass
retry scene 1 area (1344, 256) after an idle pass
checkpoint iterations=380000 scene=1 position=(1344, 288)
retry scene 1 area (1344, 256) after an idle pass
retry scene 1 area (1344, 256) after an idle pass
retry scene 1 area (1344, 256) after an idle pass
retry scene 1 area (1344, 256) after an idle pass
retry scene 1 area (1344, 256) after an idle pass
retry scene 1 area (1344, 256) after an idle pass
retry scene 1 area (1344, 256) after an idle pass
retry scene 1 area (1344, 256) after an idle pass
retry scene 1 area (1344, 256) after an idle pass
retry scene 1 area (1344, 256) after an idle pass
retry scene 1 area (1344, 256) after an idle pass
retry scene 1 area (1344, 256) after an idle pass
retry scene 1 area (1344, 256) after an idle pass
retry scene 1 area (1344, 256) after an idle pass
retry scene 1 area (1344, 256) after an idle pass
retry scene 1 area (1344, 256) after an idle pass
retry scene 1 area (1344, 256) after an idle pass
retry scene 1 area (1344, 256) after an idle pass
retry scene 1 area (1344, 256) after an idle pass
retry scene 1 area (1344, 256) after an idle pass
retry scene 1 area (1344, 256) after an idle pass
retry scene 1 area (1344, 256) after an idle pass
retry scene 1 area (1344, 256) after an idle pass
retry scene 1 area (1344, 256) after an idle pass
retry scene 1 area (1344, 256) after an idle pass
retry scene 1 area (1344, 256) after an idle pass
retry scene 1 area (1344, 256) after an idle pass
retry scene 1 area (1344, 256) after an idle pass
retry scene 1 area (1344, 256) after an idle pass
retry scene 1 area (1344, 256) after an idle pass
retry scene 1 area (1344, 256) after an idle pass
retry scene 1 area (1344, 256) after an idle pass
retry scene 1 area (1344, 256) after an idle pass
retry scene 1 area (1344, 256) after an idle pass
retry scene 1 area (1344, 256) after an idle pass
retry scene 1 area (1344, 256) after an idle pass
retry scene 1 area (1344, 256) after an idle pass
retry scene 1 area (1344, 256) after an idle pass
retry scene 1 area (1344, 256) after an idle pass
retry scene 1 area (1344, 256) after an idle pass
retry scene 1 area (1344, 256) after an idle pass
retry scene 1 area (1344, 256) after an idle pass
checkpoint iterations=390000 scene=1 position=(1344, 288)
retry scene 1 area (1344, 256) after an idle pass
retry scene 1 area (1344, 256) after an idle pass
retry scene 1 area (1344, 256) after an idle pass
retry scene 1 area (1344, 256) after an idle pass
retry scene 1 area (1344, 256) after an idle pass
retry scene 1 area (1344, 256) after an idle pass
retry scene 1 area (1344, 256) after an idle pass
retry scene 1 area (1344, 256) after an idle pass
retry scene 1 area (1344, 256) after an idle pass
retry scene 1 area (1344, 256) after an idle pass
retry scene 1 area (1344, 256) after an idle pass
retry scene 1 area (1344, 256) after an idle pass
retry scene 1 area (1344, 256) after an idle pass
retry scene 1 area (1344, 256) after an idle pass
retry scene 1 area (1344, 256) after an idle pass
retry scene 1 area (1344, 256) after an idle pass
retry scene 1 area (1344, 256) after an idle pass
retry scene 1 area (1344, 256) after an idle pass
retry scene 1 area (1344, 256) after an idle pass
retry scene 1 area (1344, 256) after an idle pass
retry scene 1 area (1344, 256) after an idle pass
retry scene 1 area (1344, 256) after an idle pass
retry scene 1 area (1344, 256) after an idle pass
retry scene 1 area (1344, 256) after an idle pass
retry scene 1 area (1344, 256) after an idle pass
retry scene 1 area (1344, 256) after an idle pass
retry scene 1 area (1344, 256) after an idle pass
retry scene 1 area (1344, 256) after an idle pass
retry scene 1 area (1344, 256) after an idle pass
retry scene 1 area (1344, 256) after an idle pass
retry scene 1 area (1344, 256) after an idle pass
retry scene 1 area (1344, 256) after an idle pass
retry scene 1 area (1344, 256) after an idle pass
retry scene 1 area (1344, 256) after an idle pass
retry scene 1 area (1344, 256) after an idle pass
retry scene 1 area (1344, 256) after an idle pass
retry scene 1 area (1344, 256) after an idle pass
retry scene 1 area (1344, 256) after an idle pass
retry scene 1 area (1344, 256) after an idle pass
retry scene 1 area (1344, 256) after an idle pass
retry scene 1 area (1344, 256) after an idle pass
retry scene 1 area (1344, 256) after an idle pass
checkpoint iterations=400000 scene=1 position=(1344, 288)
retry scene 1 area (1344, 256) after an idle pass
retry scene 1 area (1344, 256) after an idle pass
retry scene 1 area (1344, 256) after an idle pass
retry scene 1 area (1344, 256) after an idle pass
retry scene 1 area (1344, 256) after an idle pass
retry scene 1 area (1344, 256) after an idle pass
retry scene 1 area (1344, 256) after an idle pass
retry scene 1 area (1344, 256) after an idle pass
retry scene 1 area (1344, 256) after an idle pass
retry scene 1 area (1344, 256) after an idle pass
retry scene 1 area (1344, 256) after an idle pass
retry scene 1 area (1344, 256) after an idle pass
retry scene 1 area (1344, 256) after an idle pass
retry scene 1 area (1344, 256) after an idle pass
retry scene 1 area (1344, 256) after an idle pass
retry scene 1 area (1344, 256) after an idle pass
retry scene 1 area (1344, 256) after an idle pass
retry scene 1 area (1344, 256) after an idle pass
retry scene 1 area (1344, 256) after an idle pass
retry scene 1 area (1344, 256) after an idle pass
retry scene 1 area (1344, 256) after an idle pass
retry scene 1 area (1344, 256) after an idle pass
retry scene 1 area (1344, 256) after an idle pass
retry scene 1 area (1344, 256) after an idle pass
retry scene 1 area (1344, 256) after an idle pass
retry scene 1 area (1344, 256) after an idle pass
retry scene 1 area (1344, 256) after an idle pass
retry scene 1 area (1344, 256) after an idle pass
retry scene 1 area (1344, 256) after an idle pass
retry scene 1 area (1344, 256) after an idle pass
retry scene 1 area (1344, 256) after an idle pass
retry scene 1 area (1344, 256) after an idle pass
retry scene 1 area (1344, 256) after an idle pass
retry scene 1 area (1344, 256) after an idle pass
retry scene 1 area (1344, 256) after an idle pass
retry scene 1 area (1344, 256) after an idle pass
retry scene 1 area (1344, 256) after an idle pass
retry scene 1 area (1344, 256) after an idle pass
retry scene 1 area (1344, 256) after an idle pass
retry scene 1 area (1344, 256) after an idle pass
retry scene 1 area (1344, 256) after an idle pass
checkpoint iterations=410000 scene=1 position=(1344, 288)
retry scene 1 area (1344, 256) after an idle pass
retry scene 1 area (1344, 256) after an idle pass
retry scene 1 area (1344, 256) after an idle pass
retry scene 1 area (1344, 256) after an idle pass
retry scene 1 area (1344, 256) after an idle pass
retry scene 1 area (1344, 256) after an idle pass
retry scene 1 area (1344, 256) after an idle pass
retry scene 1 area (1344, 256) after an idle pass
retry scene 1 area (1344, 256) after an idle pass
retry scene 1 area (1344, 256) after an idle pass
retry scene 1 area (1344, 256) after an idle pass
retry scene 1 area (1344, 256) after an idle pass
retry scene 1 area (1344, 256) after an idle pass
retry scene 1 area (1344, 256) after an idle pass
retry scene 1 area (1344, 256) after an idle pass
retry scene 1 area (1344, 256) after an idle pass
retry scene 1 area (1344, 256) after an idle pass
retry scene 1 area (1344, 256) after an idle pass
retry scene 1 area (1344, 256) after an idle pass
retry scene 1 area (1344, 256) after an idle pass
retry scene 1 area (1344, 256) after an idle pass
retry scene 1 area (1344, 256) after an idle pass
retry scene 1 area (1344, 256) after an idle pass
retry scene 1 area (1344, 256) after an idle pass
retry scene 1 area (1344, 256) after an idle pass
retry scene 1 area (1344, 256) after an idle pass
retry scene 1 area (1344, 256) after an idle pass
retry scene 1 area (1344, 256) after an idle pass
retry scene 1 area (1344, 256) after an idle pass
retry scene 1 area (1344, 256) after an idle pass
retry scene 1 area (1344, 256) after an idle pass
retry scene 1 area (1344, 256) after an idle pass
retry scene 1 area (1344, 256) after an idle pass
retry scene 1 area (1344, 256) after an idle pass
retry scene 1 area (1344, 256) after an idle pass
retry scene 1 area (1344, 256) after an idle pass
retry scene 1 area (1344, 256) after an idle pass
retry scene 1 area (1344, 256) after an idle pass
retry scene 1 area (1344, 256) after an idle pass
retry scene 1 area (1344, 256) after an idle pass
retry scene 1 area (1344, 256) after an idle pass
retry scene 1 area (1344, 256) after an idle pass
